Archive member included to satisfy reference by file (symbol)

c:/users/chaos/stm32cube/gcc-arm-none-eabi/bin/../lib/gcc/arm-none-eabi/10.3.1/../../../../arm-none-eabi/lib/thumb/v7e-m+fp/hard\libc_nano.a(lib_a-exit.o)
                              c:/users/chaos/stm32cube/gcc-arm-none-eabi/bin/../lib/gcc/arm-none-eabi/10.3.1/../../../../arm-none-eabi/lib/thumb/v7e-m+fp/hard/crt0.o (exit)
c:/users/chaos/stm32cube/gcc-arm-none-eabi/bin/../lib/gcc/arm-none-eabi/10.3.1/../../../../arm-none-eabi/lib/thumb/v7e-m+fp/hard\libc_nano.a(lib_a-impure.o)
                              c:/users/chaos/stm32cube/gcc-arm-none-eabi/bin/../lib/gcc/arm-none-eabi/10.3.1/../../../../arm-none-eabi/lib/thumb/v7e-m+fp/hard\libc_nano.a(lib_a-exit.o) (_global_impure_ptr)
c:/users/chaos/stm32cube/gcc-arm-none-eabi/bin/../lib/gcc/arm-none-eabi/10.3.1/../../../../arm-none-eabi/lib/thumb/v7e-m+fp/hard\libc_nano.a(lib_a-init.o)
                              c:/users/chaos/stm32cube/gcc-arm-none-eabi/bin/../lib/gcc/arm-none-eabi/10.3.1/../../../../arm-none-eabi/lib/thumb/v7e-m+fp/hard/crt0.o (__libc_init_array)
c:/users/chaos/stm32cube/gcc-arm-none-eabi/bin/../lib/gcc/arm-none-eabi/10.3.1/../../../../arm-none-eabi/lib/thumb/v7e-m+fp/hard\libc_nano.a(lib_a-memset.o)
                              c:/users/chaos/stm32cube/gcc-arm-none-eabi/bin/../lib/gcc/arm-none-eabi/10.3.1/../../../../arm-none-eabi/lib/thumb/v7e-m+fp/hard/crt0.o (memset)
c:/users/chaos/stm32cube/gcc-arm-none-eabi/bin/../lib/gcc/arm-none-eabi/10.3.1/thumb/v7e-m+fp/hard\libgcc.a(_aeabi_uldivmod.o)
                              CMakeFiles/stm32.dir/Drivers/STM32F4xx_HAL_Driver/Src/stm32f4xx_hal_rcc.c.obj (__aeabi_uldivmod)
c:/users/chaos/stm32cube/gcc-arm-none-eabi/bin/../lib/gcc/arm-none-eabi/10.3.1/thumb/v7e-m+fp/hard\libgcc.a(_udivmoddi4.o)
                              c:/users/chaos/stm32cube/gcc-arm-none-eabi/bin/../lib/gcc/arm-none-eabi/10.3.1/thumb/v7e-m+fp/hard\libgcc.a(_aeabi_uldivmod.o) (__udivmoddi4)
c:/users/chaos/stm32cube/gcc-arm-none-eabi/bin/../lib/gcc/arm-none-eabi/10.3.1/thumb/v7e-m+fp/hard\libgcc.a(_dvmd_tls.o)
                              c:/users/chaos/stm32cube/gcc-arm-none-eabi/bin/../lib/gcc/arm-none-eabi/10.3.1/thumb/v7e-m+fp/hard\libgcc.a(_aeabi_uldivmod.o) (__aeabi_ldiv0)
c:/users/chaos/stm32cube/gcc-arm-none-eabi/bin/../lib/gcc/arm-none-eabi/10.3.1/../../../../arm-none-eabi/lib/thumb/v7e-m+fp/hard\libg_nano.a(lib_a-errno.o)
                              CMakeFiles/stm32.dir/Core/Src/sysmem.c.obj (__errno)
c:/users/chaos/stm32cube/gcc-arm-none-eabi/bin/../lib/gcc/arm-none-eabi/10.3.1/../../../../arm-none-eabi/lib/thumb/v7e-m+fp/hard\libg_nano.a(lib_a-memcpy-stub.o)
                              CMakeFiles/stm32.dir/Middlewares/Third_Party/FreeRTOS/Source/queue.c.obj (memcpy)
c:/users/chaos/stm32cube/gcc-arm-none-eabi/bin/../lib/gcc/arm-none-eabi/10.3.1/../../../../arm-none-eabi/lib/thumb/v7e-m+fp/hard\libg_nano.a(lib_a-reent.o)
                              CMakeFiles/stm32.dir/Middlewares/Third_Party/FreeRTOS/Source/tasks.c.obj (_reclaim_reent)
c:/users/chaos/stm32cube/gcc-arm-none-eabi/bin/../lib/gcc/arm-none-eabi/10.3.1/../../../../arm-none-eabi/lib/thumb/v7e-m+fp/hard\libg_nano.a(lib_a-nano-freer.o)
                              c:/users/chaos/stm32cube/gcc-arm-none-eabi/bin/../lib/gcc/arm-none-eabi/10.3.1/../../../../arm-none-eabi/lib/thumb/v7e-m+fp/hard\libg_nano.a(lib_a-reent.o) (_free_r)
c:/users/chaos/stm32cube/gcc-arm-none-eabi/bin/../lib/gcc/arm-none-eabi/10.3.1/../../../../arm-none-eabi/lib/thumb/v7e-m+fp/hard\libg_nano.a(lib_a-nano-mallocr.o)
                              c:/users/chaos/stm32cube/gcc-arm-none-eabi/bin/../lib/gcc/arm-none-eabi/10.3.1/../../../../arm-none-eabi/lib/thumb/v7e-m+fp/hard\libg_nano.a(lib_a-nano-freer.o) (__malloc_free_list)
c:/users/chaos/stm32cube/gcc-arm-none-eabi/bin/../lib/gcc/arm-none-eabi/10.3.1/../../../../arm-none-eabi/lib/thumb/v7e-m+fp/hard\libg_nano.a(lib_a-sbrkr.o)
                              c:/users/chaos/stm32cube/gcc-arm-none-eabi/bin/../lib/gcc/arm-none-eabi/10.3.1/../../../../arm-none-eabi/lib/thumb/v7e-m+fp/hard\libg_nano.a(lib_a-nano-mallocr.o) (_sbrk_r)
c:/users/chaos/stm32cube/gcc-arm-none-eabi/bin/../lib/gcc/arm-none-eabi/10.3.1/../../../../arm-none-eabi/lib/thumb/v7e-m+fp/hard\libg_nano.a(lib_a-mlock.o)
                              c:/users/chaos/stm32cube/gcc-arm-none-eabi/bin/../lib/gcc/arm-none-eabi/10.3.1/../../../../arm-none-eabi/lib/thumb/v7e-m+fp/hard\libg_nano.a(lib_a-nano-freer.o) (__malloc_lock)
c:/users/chaos/stm32cube/gcc-arm-none-eabi/bin/../lib/gcc/arm-none-eabi/10.3.1/../../../../arm-none-eabi/lib/thumb/v7e-m+fp/hard\libg_nano.a(lib_a-lock.o)
                              c:/users/chaos/stm32cube/gcc-arm-none-eabi/bin/../lib/gcc/arm-none-eabi/10.3.1/../../../../arm-none-eabi/lib/thumb/v7e-m+fp/hard\libg_nano.a(lib_a-mlock.o) (__retarget_lock_acquire_recursive)

Discarded input sections

[...]
Memory Configuration

Name             Origin             Length             Attributes
RAM              0x20000000         0x00020000         xrw
CCMRAM           0x10000000         0x00010000         xrw
FLASH            0x08000000         0x00100000         xr
*default*        0x00000000         0xffffffff

Linker script and memory map

LOAD c:/users/chaos/stm32cube/gcc-arm-none-eabi/bin/../lib/gcc/arm-none-eabi/10.3.1/thumb/v7e-m+fp/hard/crti.o
LOAD c:/users/chaos/stm32cube/gcc-arm-none-eabi/bin/../lib/gcc/arm-none-eabi/10.3.1/thumb/v7e-m+fp/hard/crtbegin.o
LOAD c:/users/chaos/stm32cube/gcc-arm-none-eabi/bin/../lib/gcc/arm-none-eabi/10.3.1/../../../../arm-none-eabi/lib/thumb/v7e-m+fp/hard/crt0.o
START GROUP
LOAD c:/users/chaos/stm32cube/gcc-arm-none-eabi/bin/../lib/gcc/arm-none-eabi/10.3.1/../../../../arm-none-eabi/lib/thumb/v7e-m+fp/hard\libc_nano.a
LOAD c:/users/chaos/stm32cube/gcc-arm-none-eabi/bin/../lib/gcc/arm-none-eabi/10.3.1/../../../../arm-none-eabi/lib/thumb/v7e-m+fp/hard\libm.a
END GROUP
LOAD CMakeFiles/stm32.dir/Core/Src/main.c.obj
LOAD CMakeFiles/stm32.dir/Core/Src/gpio.c.obj
LOAD CMakeFiles/stm32.dir/Core/Src/freertos.c.obj
LOAD CMakeFiles/stm32.dir/Core/Src/can.c.obj
LOAD CMakeFiles/stm32.dir/Core/Src/dma.c.obj
LOAD CMakeFiles/stm32.dir/Core/Src/spi.c.obj
LOAD CMakeFiles/stm32.dir/Core/Src/tim.c.obj
LOAD CMakeFiles/stm32.dir/Core/Src/usart.c.obj
LOAD CMakeFiles/stm32.dir/Core/Src/stm32f4xx_it.c.obj
LOAD CMakeFiles/stm32.dir/Core/Src/stm32f4xx_hal_msp.c.obj
LOAD CMakeFiles/stm32.dir/Core/Src/stm32f4xx_hal_timebase_tim.c.obj
LOAD CMakeFiles/stm32.dir/Drivers/STM32F4xx_HAL_Driver/Src/stm32f4xx_hal_can.c.obj
LOAD CMakeFiles/stm32.dir/Drivers/STM32F4xx_HAL_Driver/Src/stm32f4xx_hal_rcc.c.obj
LOAD CMakeFiles/stm32.dir/Drivers/STM32F4xx_HAL_Driver/Src/stm32f4xx_hal_rcc_ex.c.obj
LOAD CMakeFiles/stm32.dir/Drivers/STM32F4xx_HAL_Driver/Src/stm32f4xx_hal_flash.c.obj
LOAD CMakeFiles/stm32.dir/Drivers/STM32F4xx_HAL_Driver/Src/stm32f4xx_hal_flash_ex.c.obj
LOAD CMakeFiles/stm32.dir/Drivers/STM32F4xx_HAL_Driver/Src/stm32f4xx_hal_flash_ramfunc.c.obj
LOAD CMakeFiles/stm32.dir/Drivers/STM32F4xx_HAL_Driver/Src/stm32f4xx_hal_gpio.c.obj
LOAD CMakeFiles/stm32.dir/Drivers/STM32F4xx_HAL_Driver/Src/stm32f4xx_hal_dma_ex.c.obj
LOAD CMakeFiles/stm32.dir/Drivers/STM32F4xx_HAL_Driver/Src/stm32f4xx_hal_dma.c.obj
LOAD CMakeFiles/stm32.dir/Drivers/STM32F4xx_HAL_Driver/Src/stm32f4xx_hal_pwr.c.obj
LOAD CMakeFiles/stm32.dir/Drivers/STM32F4xx_HAL_Driver/Src/stm32f4xx_hal_pwr_ex.c.obj
LOAD CMakeFiles/stm32.dir/Drivers/STM32F4xx_HAL_Driver/Src/stm32f4xx_hal_cortex.c.obj
LOAD CMakeFiles/stm32.dir/Drivers/STM32F4xx_HAL_Driver/Src/stm32f4xx_hal.c.obj
LOAD CMakeFiles/stm32.dir/Drivers/STM32F4xx_HAL_Driver/Src/stm32f4xx_hal_exti.c.obj
LOAD CMakeFiles/stm32.dir/Drivers/STM32F4xx_HAL_Driver/Src/stm32f4xx_hal_spi.c.obj
LOAD CMakeFiles/stm32.dir/Drivers/STM32F4xx_HAL_Driver/Src/stm32f4xx_hal_tim.c.obj
LOAD CMakeFiles/stm32.dir/Drivers/STM32F4xx_HAL_Driver/Src/stm32f4xx_hal_tim_ex.c.obj
LOAD CMakeFiles/stm32.dir/Drivers/STM32F4xx_HAL_Driver/Src/stm32f4xx_hal_uart.c.obj
LOAD CMakeFiles/stm32.dir/Core/Src/system_stm32f4xx.c.obj
LOAD CMakeFiles/stm32.dir/Middlewares/Third_Party/FreeRTOS/Source/croutine.c.obj
LOAD CMakeFiles/stm32.dir/Middlewares/Third_Party/FreeRTOS/Source/event_groups.c.obj
LOAD CMakeFiles/stm32.dir/Middlewares/Third_Party/FreeRTOS/Source/list.c.obj
LOAD CMakeFiles/stm32.dir/Middlewares/Third_Party/FreeRTOS/Source/queue.c.obj
LOAD CMakeFiles/stm32.dir/Middlewares/Third_Party/FreeRTOS/Source/stream_buffer.c.obj
LOAD CMakeFiles/stm32.dir/Middlewares/Third_Party/FreeRTOS/Source/tasks.c.obj
LOAD CMakeFiles/stm32.dir/Middlewares/Third_Party/FreeRTOS/Source/timers.c.obj
LOAD CMakeFiles/stm32.dir/Middlewares/Third_Party/FreeRTOS/Source/CMSIS_RTOS/cmsis_os.c.obj
LOAD CMakeFiles/stm32.dir/Middlewares/Third_Party/FreeRTOS/Source/portable/MemMang/heap_4.c.obj
LOAD CMakeFiles/stm32.dir/Middlewares/Third_Party/FreeRTOS/Source/portable/GCC/ARM_CM4F/port.c.obj
LOAD CMakeFiles/stm32.dir/Core/Src/sysmem.c.obj
LOAD CMakeFiles/stm32.dir/Core/Src/syscalls.c.obj
LOAD CMakeFiles/stm32.dir/startup_stm32f407xx.s.obj
START GROUP
LOAD c:/users/chaos/stm32cube/gcc-arm-none-eabi/bin/../lib/gcc/arm-none-eabi/10.3.1/thumb/v7e-m+fp/hard\libgcc.a
LOAD c:/users/chaos/stm32cube/gcc-arm-none-eabi/bin/../lib/gcc/arm-none-eabi/10.3.1/../../../../arm-none-eabi/lib/thumb/v7e-m+fp/hard\libg_nano.a
LOAD c:/users/chaos/stm32cube/gcc-arm-none-eabi/bin/../lib/gcc/arm-none-eabi/10.3.1/../../../../arm-none-eabi/lib/thumb/v7e-m+fp/hard\libc_nano.a
END GROUP
START GROUP
LOAD c:/users/chaos/stm32cube/gcc-arm-none-eabi/bin/../lib/gcc/arm-none-eabi/10.3.1/thumb/v7e-m+fp/hard\libgcc.a
LOAD c:/users/chaos/stm32cube/gcc-arm-none-eabi/bin/../lib/gcc/arm-none-eabi/10.3.1/../../../../arm-none-eabi/lib/thumb/v7e-m+fp/hard\libc_nano.a
END GROUP
LOAD c:/users/chaos/stm32cube/gcc-arm-none-eabi/bin/../lib/gcc/arm-none-eabi/10.3.1/thumb/v7e-m+fp/hard/crtend.o
LOAD c:/users/chaos/stm32cube/gcc-arm-none-eabi/bin/../lib/gcc/arm-none-eabi/10.3.1/thumb/v7e-m+fp/hard/crtn.o
                0x20020000                _estack = (ORIGIN (RAM) + LENGTH (RAM))
                0x00002000                _Min_Heap_Size = 0x2000
                0x00002000                _Min_Stack_Size = 0x2000

.isr_vector     0x08000000      0x188
                0x08000000                . = ALIGN (0x4)
 *(.isr_vector)
 .isr_vector    0x08000000      0x188 CMakeFiles/stm32.dir/startup_stm32f407xx.s.obj
                0x08000000                g_pfnVectors
                0x08000188                . = ALIGN (0x4)

.text           0x08000190     0x6918
                0x08000190                . = ALIGN (0x4)
 *(.text)
 .text          0x08000190       0x40 c:/users/chaos/stm32cube/gcc-arm-none-eabi/bin/../lib/gcc/arm-none-eabi/10.3.1/thumb/v7e-m+fp/hard/crtbegin.o
 .text          0x080001d0       0x30 c:/users/chaos/stm32cube/gcc-arm-none-eabi/bin/../lib/gcc/arm-none-eabi/10.3.1/thumb/v7e-m+fp/hard\libgcc.a(_aeabi_uldivmod.o)
                0x080001d0                __aeabi_uldivmod
 .text          0x08000200      0x2d0 c:/users/chaos/stm32cube/gcc-arm-none-eabi/bin/../lib/gcc/arm-none-eabi/10.3.1/thumb/v7e-m+fp/hard\libgcc.a(_udivmoddi4.o)
                0x08000200                __udivmoddi4
 .text          0x080004d0        0x4 c:/users/chaos/stm32cube/gcc-arm-none-eabi/bin/../lib/gcc/arm-none-eabi/10.3.1/thumb/v7e-m+fp/hard\libgcc.a(_dvmd_tls.o)
                0x080004d0                __aeabi_idiv0
                0x080004d0                __aeabi_ldiv0
 *(.text*)
 .text.__libc_init_array
                0x080004d4       0x48 c:/users/chaos/stm32cube/gcc-arm-none-eabi/bin/../lib/gcc/arm-none-eabi/10.3.1/../../../../arm-none-eabi/lib/thumb/v7e-m+fp/hard\libc_nano.a(lib_a-init.o)
                0x080004d4                __libc_init_array
 .text.memset   0x0800051c       0x10 c:/users/chaos/stm32cube/gcc-arm-none-eabi/bin/../lib/gcc/arm-none-eabi/10.3.1/../../../../arm-none-eabi/lib/thumb/v7e-m+fp/hard\libc_nano.a(lib_a-memset.o)
                0x0800051c                memset
 .text.main     0x0800052c       0x56 CMakeFiles/stm32.dir/Core/Src/main.c.obj
                0x0800052c                main
 *fill*         0x08000582        0x2 
 .text.SystemClock_Config
                0x08000584       0xd4 CMakeFiles/stm32.dir/Core/Src/main.c.obj
                0x08000584                SystemClock_Config
 .text.HAL_TIM_PeriodElapsedCallback
                0x08000658       0x24 CMakeFiles/stm32.dir/Core/Src/main.c.obj
                0x08000658                HAL_TIM_PeriodElapsedCallback
 .text.Error_Handler
                0x0800067c        0xa CMakeFiles/stm32.dir/Core/Src/main.c.obj
                0x0800067c                Error_Handler
 *fill*         0x08000686        0x2 
 .text.MX_GPIO_Init
                0x08000688      0x224 CMakeFiles/stm32.dir/Core/Src/gpio.c.obj
                0x08000688                MX_GPIO_Init
 .text.vApplicationGetIdleTaskMemory
                0x080008ac       0x34 CMakeFiles/stm32.dir/Core/Src/freertos.c.obj
                0x080008ac                vApplicationGetIdleTaskMemory
 .text.MX_FREERTOS_Init
                0x080008e0       0x38 CMakeFiles/stm32.dir/Core/Src/freertos.c.obj
                0x080008e0                MX_FREERTOS_Init
 .text.StartDefaultTask
                0x08000918       0x28 CMakeFiles/stm32.dir/Core/Src/freertos.c.obj
                0x08000918                StartDefaultTask
 .text.MX_CAN1_Init
                0x08000940       0x6c CMakeFiles/stm32.dir/Core/Src/can.c.obj
                0x08000940                MX_CAN1_Init
 .text.MX_CAN2_Init
                0x080009ac       0x6c CMakeFiles/stm32.dir/Core/Src/can.c.obj
                0x080009ac                MX_CAN2_Init
 .text.HAL_CAN_MspInit
                0x08000a18      0x160 CMakeFiles/stm32.dir/Core/Src/can.c.obj
                0x08000a18                HAL_CAN_MspInit
 .text.MX_DMA_Init
                0x08000b78       0xbc CMakeFiles/stm32.dir/Core/Src/dma.c.obj
                0x08000b78                MX_DMA_Init
 .text.MX_SPI1_Init
                0x08000c34       0x6c CMakeFiles/stm32.dir/Core/Src/spi.c.obj
                0x08000c34                MX_SPI1_Init
 .text.HAL_SPI_MspInit
                0x08000ca0      0x19c CMakeFiles/stm32.dir/Core/Src/spi.c.obj
                0x08000ca0                HAL_SPI_MspInit
 .text.MX_TIM1_Init
                0x08000e3c      0x18c CMakeFiles/stm32.dir/Core/Src/tim.c.obj
                0x08000e3c                MX_TIM1_Init
 .text.MX_TIM2_Init
                0x08000fc8       0x98 CMakeFiles/stm32.dir/Core/Src/tim.c.obj
                0x08000fc8                MX_TIM2_Init
 .text.MX_TIM3_Init
                0x08001060       0x9c CMakeFiles/stm32.dir/Core/Src/tim.c.obj
                0x08001060                MX_TIM3_Init
 .text.MX_TIM4_Init
                0x080010fc       0x9c CMakeFiles/stm32.dir/Core/Src/tim.c.obj
                0x080010fc                MX_TIM4_Init
 .text.MX_TIM5_Init
                0x08001198       0x9c CMakeFiles/stm32.dir/Core/Src/tim.c.obj
                0x08001198                MX_TIM5_Init
 .text.MX_TIM6_Init
                0x08001234       0x6c CMakeFiles/stm32.dir/Core/Src/tim.c.obj
                0x08001234                MX_TIM6_Init
 .text.MX_TIM8_Init
                0x080012a0      0x174 CMakeFiles/stm32.dir/Core/Src/tim.c.obj
                0x080012a0                MX_TIM8_Init
 .text.MX_TIM10_Init
                0x08001414       0x9c CMakeFiles/stm32.dir/Core/Src/tim.c.obj
                0x08001414                MX_TIM10_Init
 .text.HAL_TIM_Base_MspInit
                0x080014b0      0x1c0 CMakeFiles/stm32.dir/Core/Src/tim.c.obj
                0x080014b0                HAL_TIM_Base_MspInit
 .text.HAL_TIM_MspPostInit
                0x08001670      0x154 CMakeFiles/stm32.dir/Core/Src/tim.c.obj
                0x08001670                HAL_TIM_MspPostInit
 .text.MX_USART1_UART_Init
                0x080017c4       0x54 CMakeFiles/stm32.dir/Core/Src/usart.c.obj
                0x080017c4                MX_USART1_UART_Init
 .text.MX_USART3_UART_Init
                0x08001818       0x58 CMakeFiles/stm32.dir/Core/Src/usart.c.obj
                0x08001818                MX_USART3_UART_Init
 .text.MX_USART6_UART_Init
                0x08001870       0x54 CMakeFiles/stm32.dir/Core/Src/usart.c.obj
                0x08001870                MX_USART6_UART_Init
 .text.HAL_UART_MspInit
                0x080018c4      0x3e4 CMakeFiles/stm32.dir/Core/Src/usart.c.obj
                0x080018c4                HAL_UART_MspInit
 .text.NMI_Handler
                0x08001ca8        0x6 CMakeFiles/stm32.dir/Core/Src/stm32f4xx_it.c.obj
                0x08001ca8                NMI_Handler
 .text.HardFault_Handler
                0x08001cae        0x6 CMakeFiles/stm32.dir/Core/Src/stm32f4xx_it.c.obj
                0x08001cae                HardFault_Handler
 .text.MemManage_Handler
                0x08001cb4        0x6 CMakeFiles/stm32.dir/Core/Src/stm32f4xx_it.c.obj
                0x08001cb4                MemManage_Handler
 .text.BusFault_Handler
                0x08001cba        0x6 CMakeFiles/stm32.dir/Core/Src/stm32f4xx_it.c.obj
                0x08001cba                BusFault_Handler
 .text.UsageFault_Handler
                0x08001cc0        0x6 CMakeFiles/stm32.dir/Core/Src/stm32f4xx_it.c.obj
                0x08001cc0                UsageFault_Handler
 .text.DebugMon_Handler
                0x08001cc6        0xe CMakeFiles/stm32.dir/Core/Src/stm32f4xx_it.c.obj
                0x08001cc6                DebugMon_Handler
 .text.EXTI4_IRQHandler
                0x08001cd4        0xe CMakeFiles/stm32.dir/Core/Src/stm32f4xx_it.c.obj
                0x08001cd4                EXTI4_IRQHandler
 *fill*         0x08001ce2        0x2 
 .text.DMA1_Stream1_IRQHandler
                0x08001ce4       0x14 CMakeFiles/stm32.dir/Core/Src/stm32f4xx_it.c.obj
                0x08001ce4                DMA1_Stream1_IRQHandler
 .text.CAN1_RX0_IRQHandler
                0x08001cf8       0x14 CMakeFiles/stm32.dir/Core/Src/stm32f4xx_it.c.obj
                0x08001cf8                CAN1_RX0_IRQHandler
 .text.EXTI9_5_IRQHandler
                0x08001d0c        0xe CMakeFiles/stm32.dir/Core/Src/stm32f4xx_it.c.obj
                0x08001d0c                EXTI9_5_IRQHandler
 *fill*         0x08001d1a        0x2 
 .text.TIM2_IRQHandler
                0x08001d1c       0x14 CMakeFiles/stm32.dir/Core/Src/stm32f4xx_it.c.obj
                0x08001d1c                TIM2_IRQHandler
 .text.TIM7_IRQHandler
                0x08001d30       0x14 CMakeFiles/stm32.dir/Core/Src/stm32f4xx_it.c.obj
                0x08001d30                TIM7_IRQHandler
 .text.DMA2_Stream1_IRQHandler
                0x08001d44       0x14 CMakeFiles/stm32.dir/Core/Src/stm32f4xx_it.c.obj
                0x08001d44                DMA2_Stream1_IRQHandler
 .text.DMA2_Stream2_IRQHandler
                0x08001d58       0x14 CMakeFiles/stm32.dir/Core/Src/stm32f4xx_it.c.obj
                0x08001d58                DMA2_Stream2_IRQHandler
 .text.DMA2_Stream3_IRQHandler
                0x08001d6c       0x14 CMakeFiles/stm32.dir/Core/Src/stm32f4xx_it.c.obj
                0x08001d6c                DMA2_Stream3_IRQHandler
 .text.CAN2_RX0_IRQHandler
                0x08001d80       0x14 CMakeFiles/stm32.dir/Core/Src/stm32f4xx_it.c.obj
                0x08001d80                CAN2_RX0_IRQHandler
 .text.DMA2_Stream6_IRQHandler
                0x08001d94       0x14 CMakeFiles/stm32.dir/Core/Src/stm32f4xx_it.c.obj
                0x08001d94                DMA2_Stream6_IRQHandler
 .text.DMA2_Stream7_IRQHandler
                0x08001da8       0x14 CMakeFiles/stm32.dir/Core/Src/stm32f4xx_it.c.obj
                0x08001da8                DMA2_Stream7_IRQHandler
 .text.HAL_MspInit
                0x08001dbc       0x58 CMakeFiles/stm32.dir/Core/Src/stm32f4xx_hal_msp.c.obj
                0x08001dbc                HAL_MspInit
 .text.HAL_InitTick
                0x08001e14       0xf8 CMakeFiles/stm32.dir/Core/Src/stm32f4xx_hal_timebase_tim.c.obj
                0x08001e14                HAL_InitTick
 .text.HAL_CAN_Init
                0x08001f0c      0x28c CMakeFiles/stm32.dir/Drivers/STM32F4xx_HAL_Driver/Src/stm32f4xx_hal_can.c.obj
                0x08001f0c                HAL_CAN_Init
 .text.HAL_CAN_IRQHandler
                0x08002198      0x38a CMakeFiles/stm32.dir/Drivers/STM32F4xx_HAL_Driver/Src/stm32f4xx_hal_can.c.obj
                0x08002198                HAL_CAN_IRQHandler
 .text.HAL_CAN_TxMailbox0CompleteCallback
                0x08002522       0x14 CMakeFiles/stm32.dir/Drivers/STM32F4xx_HAL_Driver/Src/stm32f4xx_hal_can.c.obj
                0x08002522                HAL_CAN_TxMailbox0CompleteCallback
 .text.HAL_CAN_TxMailbox1CompleteCallback
                0x08002536       0x14 CMakeFiles/stm32.dir/Drivers/STM32F4xx_HAL_Driver/Src/stm32f4xx_hal_can.c.obj
                0x08002536                HAL_CAN_TxMailbox1CompleteCallback
 .text.HAL_CAN_TxMailbox2CompleteCallback
                0x0800254a       0x14 CMakeFiles/stm32.dir/Drivers/STM32F4xx_HAL_Driver/Src/stm32f4xx_hal_can.c.obj
                0x0800254a                HAL_CAN_TxMailbox2CompleteCallback
 .text.HAL_CAN_TxMailbox0AbortCallback
                0x0800255e       0x14 CMakeFiles/stm32.dir/Drivers/STM32F4xx_HAL_Driver/Src/stm32f4xx_hal_can.c.obj
                0x0800255e                HAL_CAN_TxMailbox0AbortCallback
 .text.HAL_CAN_TxMailbox1AbortCallback
                0x08002572       0x14 CMakeFiles/stm32.dir/Drivers/STM32F4xx_HAL_Driver/Src/stm32f4xx_hal_can.c.obj
                0x08002572                HAL_CAN_TxMailbox1AbortCallback
 .text.HAL_CAN_TxMailbox2AbortCallback
                0x08002586       0x14 CMakeFiles/stm32.dir/Drivers/STM32F4xx_HAL_Driver/Src/stm32f4xx_hal_can.c.obj
                0x08002586                HAL_CAN_TxMailbox2AbortCallback
 .text.HAL_CAN_RxFifo0MsgPendingCallback
                0x0800259a       0x14 CMakeFiles/stm32.dir/Drivers/STM32F4xx_HAL_Driver/Src/stm32f4xx_hal_can.c.obj
                0x0800259a                HAL_CAN_RxFifo0MsgPendingCallback
 .text.HAL_CAN_RxFifo0FullCallback
                0x080025ae       0x14 CMakeFiles/stm32.dir/Drivers/STM32F4xx_HAL_Driver/Src/stm32f4xx_hal_can.c.obj
                0x080025ae                HAL_CAN_RxFifo0FullCallback
 .text.HAL_CAN_RxFifo1MsgPendingCallback
                0x080025c2       0x14 CMakeFiles/stm32.dir/Drivers/STM32F4xx_HAL_Driver/Src/stm32f4xx_hal_can.c.obj
                0x080025c2                HAL_CAN_RxFifo1MsgPendingCallback
 .text.HAL_CAN_RxFifo1FullCallback
                0x080025d6       0x14 CMakeFiles/stm32.dir/Drivers/STM32F4xx_HAL_Driver/Src/stm32f4xx_hal_can.c.obj
                0x080025d6                HAL_CAN_RxFifo1FullCallback
 .text.HAL_CAN_SleepCallback
                0x080025ea       0x14 CMakeFiles/stm32.dir/Drivers/STM32F4xx_HAL_Driver/Src/stm32f4xx_hal_can.c.obj
                0x080025ea                HAL_CAN_SleepCallback
 .text.HAL_CAN_WakeUpFromRxMsgCallback
                0x080025fe       0x14 CMakeFiles/stm32.dir/Drivers/STM32F4xx_HAL_Driver/Src/stm32f4xx_hal_can.c.obj
                0x080025fe                HAL_CAN_WakeUpFromRxMsgCallback
 .text.HAL_CAN_ErrorCallback
                0x08002612       0x14 CMakeFiles/stm32.dir/Drivers/STM32F4xx_HAL_Driver/Src/stm32f4xx_hal_can.c.obj
                0x08002612                HAL_CAN_ErrorCallback
 *fill*         0x08002626        0x2 
 .text.HAL_RCC_OscConfig
                0x08002628      0x4f0 CMakeFiles/stm32.dir/Drivers/STM32F4xx_HAL_Driver/Src/stm32f4xx_hal_rcc.c.obj
                0x08002628                HAL_RCC_OscConfig
 .text.HAL_RCC_ClockConfig
                0x08002b18      0x1cc CMakeFiles/stm32.dir/Drivers/STM32F4xx_HAL_Driver/Src/stm32f4xx_hal_rcc.c.obj
                0x08002b18                HAL_RCC_ClockConfig
 .text.HAL_RCC_GetSysClockFreq
                0x08002ce4      0x18c CMakeFiles/stm32.dir/Drivers/STM32F4xx_HAL_Driver/Src/stm32f4xx_hal_rcc.c.obj
                0x08002ce4                HAL_RCC_GetSysClockFreq
 .text.HAL_RCC_GetHCLKFreq
                0x08002e70       0x18 CMakeFiles/stm32.dir/Drivers/STM32F4xx_HAL_Driver/Src/stm32f4xx_hal_rcc.c.obj
                0x08002e70                HAL_RCC_GetHCLKFreq
 .text.HAL_RCC_GetPCLK1Freq
                0x08002e88       0x28 CMakeFiles/stm32.dir/Drivers/STM32F4xx_HAL_Driver/Src/stm32f4xx_hal_rcc.c.obj
                0x08002e88                HAL_RCC_GetPCLK1Freq
 .text.HAL_RCC_GetPCLK2Freq
                0x08002eb0       0x28 CMakeFiles/stm32.dir/Drivers/STM32F4xx_HAL_Driver/Src/stm32f4xx_hal_rcc.c.obj
                0x08002eb0                HAL_RCC_GetPCLK2Freq
 .text.HAL_RCC_GetClockConfig
                0x08002ed8       0x64 CMakeFiles/stm32.dir/Drivers/STM32F4xx_HAL_Driver/Src/stm32f4xx_hal_rcc.c.obj
                0x08002ed8                HAL_RCC_GetClockConfig
 .text.HAL_GPIO_Init
                0x08002f3c      0x338 CMakeFiles/stm32.dir/Drivers/STM32F4xx_HAL_Driver/Src/stm32f4xx_hal_gpio.c.obj
                0x08002f3c                HAL_GPIO_Init
 .text.HAL_GPIO_WritePin
                0x08003274       0x32 CMakeFiles/stm32.dir/Drivers/STM32F4xx_HAL_Driver/Src/stm32f4xx_hal_gpio.c.obj
                0x08003274                HAL_GPIO_WritePin
 .text.HAL_GPIO_TogglePin
                0x080032a6       0x34 CMakeFiles/stm32.dir/Drivers/STM32F4xx_HAL_Driver/Src/stm32f4xx_hal_gpio.c.obj
                0x080032a6                HAL_GPIO_TogglePin
 *fill*         0x080032da        0x2 
 .text.HAL_GPIO_EXTI_IRQHandler
                0x080032dc       0x30 CMakeFiles/stm32.dir/Drivers/STM32F4xx_HAL_Driver/Src/stm32f4xx_hal_gpio.c.obj
                0x080032dc                HAL_GPIO_EXTI_IRQHandler
 .text.HAL_GPIO_EXTI_Callback
                0x0800330c       0x16 CMakeFiles/stm32.dir/Drivers/STM32F4xx_HAL_Driver/Src/stm32f4xx_hal_gpio.c.obj
                0x0800330c                HAL_GPIO_EXTI_Callback
 *fill*         0x08003322        0x2 
 .text.HAL_DMA_Init
                0x08003324      0x15c CMakeFiles/stm32.dir/Drivers/STM32F4xx_HAL_Driver/Src/stm32f4xx_hal_dma.c.obj
                0x08003324                HAL_DMA_Init
 .text.HAL_DMA_IRQHandler
                0x08003480      0x314 CMakeFiles/stm32.dir/Drivers/STM32F4xx_HAL_Driver/Src/stm32f4xx_hal_dma.c.obj
                0x08003480                HAL_DMA_IRQHandler
 .text.DMA_CalcBaseAndBitshift
                0x08003794       0x6c CMakeFiles/stm32.dir/Drivers/STM32F4xx_HAL_Driver/Src/stm32f4xx_hal_dma.c.obj
 .text.DMA_CheckFifoParam
                0x08003800       0xf8 CMakeFiles/stm32.dir/Drivers/STM32F4xx_HAL_Driver/Src/stm32f4xx_hal_dma.c.obj
 .text.__NVIC_SetPriorityGrouping
                0x080038f8       0x48 CMakeFiles/stm32.dir/Drivers/STM32F4xx_HAL_Driver/Src/stm32f4xx_hal_cortex.c.obj
 .text.__NVIC_GetPriorityGrouping
                0x08003940       0x1c CMakeFiles/stm32.dir/Drivers/STM32F4xx_HAL_Driver/Src/stm32f4xx_hal_cortex.c.obj
 .text.__NVIC_EnableIRQ
                0x0800395c       0x3c CMakeFiles/stm32.dir/Drivers/STM32F4xx_HAL_Driver/Src/stm32f4xx_hal_cortex.c.obj
 .text.__NVIC_SetPriority
                0x08003998       0x54 CMakeFiles/stm32.dir/Drivers/STM32F4xx_HAL_Driver/Src/stm32f4xx_hal_cortex.c.obj
 .text.NVIC_EncodePriority
                0x080039ec       0x66 CMakeFiles/stm32.dir/Drivers/STM32F4xx_HAL_Driver/Src/stm32f4xx_hal_cortex.c.obj
 .text.HAL_NVIC_SetPriorityGrouping
                0x08003a52       0x16 CMakeFiles/stm32.dir/Drivers/STM32F4xx_HAL_Driver/Src/stm32f4xx_hal_cortex.c.obj
                0x08003a52                HAL_NVIC_SetPriorityGrouping
 .text.HAL_NVIC_SetPriority
                0x08003a68       0x38 CMakeFiles/stm32.dir/Drivers/STM32F4xx_HAL_Driver/Src/stm32f4xx_hal_cortex.c.obj
                0x08003a68                HAL_NVIC_SetPriority
 .text.HAL_NVIC_EnableIRQ
                0x08003aa0       0x1c CMakeFiles/stm32.dir/Drivers/STM32F4xx_HAL_Driver/Src/stm32f4xx_hal_cortex.c.obj
                0x08003aa0                HAL_NVIC_EnableIRQ
 .text.HAL_Init
                0x08003abc       0x44 CMakeFiles/stm32.dir/Drivers/STM32F4xx_HAL_Driver/Src/stm32f4xx_hal.c.obj
                0x08003abc                HAL_Init
 .text.HAL_IncTick
                0x08003b00       0x28 CMakeFiles/stm32.dir/Drivers/STM32F4xx_HAL_Driver/Src/stm32f4xx_hal.c.obj
                0x08003b00                HAL_IncTick
 .text.HAL_GetTick
                0x08003b28       0x18 CMakeFiles/stm32.dir/Drivers/STM32F4xx_HAL_Driver/Src/stm32f4xx_hal.c.obj
                0x08003b28                HAL_GetTick
 .text.HAL_SPI_Init
                0x08003b40      0x178 CMakeFiles/stm32.dir/Drivers/STM32F4xx_HAL_Driver/Src/stm32f4xx_hal_spi.c.obj
                0x08003b40                HAL_SPI_Init
 .text.HAL_SPI_TxCpltCallback
                0x08003cb8       0x14 CMakeFiles/stm32.dir/Drivers/STM32F4xx_HAL_Driver/Src/stm32f4xx_hal_spi.c.obj
                0x08003cb8                HAL_SPI_TxCpltCallback
 .text.HAL_SPI_RxCpltCallback
                0x08003ccc       0x14 CMakeFiles/stm32.dir/Drivers/STM32F4xx_HAL_Driver/Src/stm32f4xx_hal_spi.c.obj
                0x08003ccc                HAL_SPI_RxCpltCallback
 .text.HAL_SPI_TxRxCpltCallback
                0x08003ce0       0x14 CMakeFiles/stm32.dir/Drivers/STM32F4xx_HAL_Driver/Src/stm32f4xx_hal_spi.c.obj
                0x08003ce0                HAL_SPI_TxRxCpltCallback
 .text.HAL_SPI_TxHalfCpltCallback
                0x08003cf4       0x14 CMakeFiles/stm32.dir/Drivers/STM32F4xx_HAL_Driver/Src/stm32f4xx_hal_spi.c.obj
                0x08003cf4                HAL_SPI_TxHalfCpltCallback
 .text.HAL_SPI_RxHalfCpltCallback
                0x08003d08       0x14 CMakeFiles/stm32.dir/Drivers/STM32F4xx_HAL_Driver/Src/stm32f4xx_hal_spi.c.obj
                0x08003d08                HAL_SPI_RxHalfCpltCallback
 .text.HAL_SPI_TxRxHalfCpltCallback
                0x08003d1c       0x14 CMakeFiles/stm32.dir/Drivers/STM32F4xx_HAL_Driver/Src/stm32f4xx_hal_spi.c.obj
                0x08003d1c                HAL_SPI_TxRxHalfCpltCallback
 .text.HAL_SPI_ErrorCallback
                0x08003d30       0x14 CMakeFiles/stm32.dir/Drivers/STM32F4xx_HAL_Driver/Src/stm32f4xx_hal_spi.c.obj
                0x08003d30                HAL_SPI_ErrorCallback
 .text.HAL_SPI_AbortCpltCallback
                0x08003d44       0x14 CMakeFiles/stm32.dir/Drivers/STM32F4xx_HAL_Driver/Src/stm32f4xx_hal_spi.c.obj
                0x08003d44                HAL_SPI_AbortCpltCallback
 .text.HAL_TIM_Base_Init
                0x08003d58       0x9e CMakeFiles/stm32.dir/Drivers/STM32F4xx_HAL_Driver/Src/stm32f4xx_hal_tim.c.obj
                0x08003d58                HAL_TIM_Base_Init
 *fill*         0x08003df6        0x2 
 .text.HAL_TIM_Base_Start_IT
                0x08003df8       0xe0 CMakeFiles/stm32.dir/Drivers/STM32F4xx_HAL_Driver/Src/stm32f4xx_hal_tim.c.obj
                0x08003df8                HAL_TIM_Base_Start_IT
 .text.HAL_TIM_PWM_Init
                0x08003ed8       0x9e CMakeFiles/stm32.dir/Drivers/STM32F4xx_HAL_Driver/Src/stm32f4xx_hal_tim.c.obj
                0x08003ed8                HAL_TIM_PWM_Init
 .text.HAL_TIM_PWM_MspInit
                0x08003f76       0x14 CMakeFiles/stm32.dir/Drivers/STM32F4xx_HAL_Driver/Src/stm32f4xx_hal_tim.c.obj
                0x08003f76                HAL_TIM_PWM_MspInit
 .text.HAL_TIM_IRQHandler
                0x08003f8a      0x1e0 CMakeFiles/stm32.dir/Drivers/STM32F4xx_HAL_Driver/Src/stm32f4xx_hal_tim.c.obj
                0x08003f8a                HAL_TIM_IRQHandler
 *fill*         0x0800416a        0x2 
 .text.HAL_TIM_PWM_ConfigChannel
                0x0800416c      0x184 CMakeFiles/stm32.dir/Drivers/STM32F4xx_HAL_Driver/Src/stm32f4xx_hal_tim.c.obj
                0x0800416c                HAL_TIM_PWM_ConfigChannel
 .text.HAL_TIM_ConfigClockSource
                0x080042f0      0x18e CMakeFiles/stm32.dir/Drivers/STM32F4xx_HAL_Driver/Src/stm32f4xx_hal_tim.c.obj
                0x080042f0                HAL_TIM_ConfigClockSource
 .text.HAL_TIM_OC_DelayElapsedCallback
                0x0800447e       0x14 CMakeFiles/stm32.dir/Drivers/STM32F4xx_HAL_Driver/Src/stm32f4xx_hal_tim.c.obj
                0x0800447e                HAL_TIM_OC_DelayElapsedCallback
 .text.HAL_TIM_IC_CaptureCallback
                0x08004492       0x14 CMakeFiles/stm32.dir/Drivers/STM32F4xx_HAL_Driver/Src/stm32f4xx_hal_tim.c.obj
                0x08004492                HAL_TIM_IC_CaptureCallback
 .text.HAL_TIM_PWM_PulseFinishedCallback
                0x080044a6       0x14 CMakeFiles/stm32.dir/Drivers/STM32F4xx_HAL_Driver/Src/stm32f4xx_hal_tim.c.obj
                0x080044a6                HAL_TIM_PWM_PulseFinishedCallback
 .text.HAL_TIM_TriggerCallback
                0x080044ba       0x14 CMakeFiles/stm32.dir/Drivers/STM32F4xx_HAL_Driver/Src/stm32f4xx_hal_tim.c.obj
                0x080044ba                HAL_TIM_TriggerCallback
 *fill*         0x080044ce        0x2 
 .text.TIM_Base_SetConfig
                0x080044d0      0x158 CMakeFiles/stm32.dir/Drivers/STM32F4xx_HAL_Driver/Src/stm32f4xx_hal_tim.c.obj
                0x080044d0                TIM_Base_SetConfig
 .text.TIM_OC1_SetConfig
                0x08004628       0xe0 CMakeFiles/stm32.dir/Drivers/STM32F4xx_HAL_Driver/Src/stm32f4xx_hal_tim.c.obj
 .text.TIM_OC2_SetConfig
                0x08004708       0xec CMakeFiles/stm32.dir/Drivers/STM32F4xx_HAL_Driver/Src/stm32f4xx_hal_tim.c.obj
                0x08004708                TIM_OC2_SetConfig
 .text.TIM_OC3_SetConfig
                0x080047f4       0xe8 CMakeFiles/stm32.dir/Drivers/STM32F4xx_HAL_Driver/Src/stm32f4xx_hal_tim.c.obj
 .text.TIM_OC4_SetConfig
                0x080048dc       0xac CMakeFiles/stm32.dir/Drivers/STM32F4xx_HAL_Driver/Src/stm32f4xx_hal_tim.c.obj
 .text.TIM_TI1_ConfigInputStage
                0x08004988       0x5e CMakeFiles/stm32.dir/Drivers/STM32F4xx_HAL_Driver/Src/stm32f4xx_hal_tim.c.obj
 .text.TIM_TI2_ConfigInputStage
                0x080049e6       0x60 CMakeFiles/stm32.dir/Drivers/STM32F4xx_HAL_Driver/Src/stm32f4xx_hal_tim.c.obj
 .text.TIM_ITRx_SetConfig
                0x08004a46       0x36 CMakeFiles/stm32.dir/Drivers/STM32F4xx_HAL_Driver/Src/stm32f4xx_hal_tim.c.obj
 .text.TIM_ETR_SetConfig
                0x08004a7c       0x40 CMakeFiles/stm32.dir/Drivers/STM32F4xx_HAL_Driver/Src/stm32f4xx_hal_tim.c.obj
                0x08004a7c                TIM_ETR_SetConfig
 .text.HAL_TIMEx_MasterConfigSynchronization
                0x08004abc       0xf8 CMakeFiles/stm32.dir/Drivers/STM32F4xx_HAL_Driver/Src/stm32f4xx_hal_tim_ex.c.obj
                0x08004abc                HAL_TIMEx_MasterConfigSynchronization
 .text.HAL_TIMEx_ConfigBreakDeadTime
                0x08004bb4       0xa4 CMakeFiles/stm32.dir/Drivers/STM32F4xx_HAL_Driver/Src/stm32f4xx_hal_tim_ex.c.obj
                0x08004bb4                HAL_TIMEx_ConfigBreakDeadTime
 .text.HAL_TIMEx_CommutCallback
                0x08004c58       0x14 CMakeFiles/stm32.dir/Drivers/STM32F4xx_HAL_Driver/Src/stm32f4xx_hal_tim_ex.c.obj
                0x08004c58                HAL_TIMEx_CommutCallback
 .text.HAL_TIMEx_BreakCallback
                0x08004c6c       0x14 CMakeFiles/stm32.dir/Drivers/STM32F4xx_HAL_Driver/Src/stm32f4xx_hal_tim_ex.c.obj
                0x08004c6c                HAL_TIMEx_BreakCallback
 .text.HAL_UART_Init
                0x08004c80       0xbc CMakeFiles/stm32.dir/Drivers/STM32F4xx_HAL_Driver/Src/stm32f4xx_hal_uart.c.obj
                0x08004c80                HAL_UART_Init
 .text.HAL_UART_TxCpltCallback
                0x08004d3c       0x14 CMakeFiles/stm32.dir/Drivers/STM32F4xx_HAL_Driver/Src/stm32f4xx_hal_uart.c.obj
                0x08004d3c                HAL_UART_TxCpltCallback
 .text.HAL_UART_TxHalfCpltCallback
                0x08004d50       0x14 CMakeFiles/stm32.dir/Drivers/STM32F4xx_HAL_Driver/Src/stm32f4xx_hal_uart.c.obj
                0x08004d50                HAL_UART_TxHalfCpltCallback
 .text.HAL_UART_RxCpltCallback
                0x08004d64       0x14 CMakeFiles/stm32.dir/Drivers/STM32F4xx_HAL_Driver/Src/stm32f4xx_hal_uart.c.obj
                0x08004d64                HAL_UART_RxCpltCallback
 .text.HAL_UART_RxHalfCpltCallback
                0x08004d78       0x14 CMakeFiles/stm32.dir/Drivers/STM32F4xx_HAL_Driver/Src/stm32f4xx_hal_uart.c.obj
                0x08004d78                HAL_UART_RxHalfCpltCallback
 .text.HAL_UART_ErrorCallback
                0x08004d8c       0x14 CMakeFiles/stm32.dir/Drivers/STM32F4xx_HAL_Driver/Src/stm32f4xx_hal_uart.c.obj
                0x08004d8c                HAL_UART_ErrorCallback
 .text.HAL_UART_AbortCpltCallback
                0x08004da0       0x14 CMakeFiles/stm32.dir/Drivers/STM32F4xx_HAL_Driver/Src/stm32f4xx_hal_uart.c.obj
                0x08004da0                HAL_UART_AbortCpltCallback
 .text.HAL_UART_AbortTransmitCpltCallback
                0x08004db4       0x14 CMakeFiles/stm32.dir/Drivers/STM32F4xx_HAL_Driver/Src/stm32f4xx_hal_uart.c.obj
                0x08004db4                HAL_UART_AbortTransmitCpltCallback
 .text.HAL_UART_AbortReceiveCpltCallback
                0x08004dc8       0x14 CMakeFiles/stm32.dir/Drivers/STM32F4xx_HAL_Driver/Src/stm32f4xx_hal_uart.c.obj
                0x08004dc8                HAL_UART_AbortReceiveCpltCallback
 .text.HAL_UARTEx_RxEventCallback
                0x08004ddc       0x18 CMakeFiles/stm32.dir/Drivers/STM32F4xx_HAL_Driver/Src/stm32f4xx_hal_uart.c.obj
                0x08004ddc                HAL_UARTEx_RxEventCallback
 .text.UART_InitCallbacksToDefault
                0x08004df4       0x70 CMakeFiles/stm32.dir/Drivers/STM32F4xx_HAL_Driver/Src/stm32f4xx_hal_uart.c.obj
                0x08004df4                UART_InitCallbacksToDefault
 .text.UART_SetConfig
                0x08004e64      0x4e8 CMakeFiles/stm32.dir/Drivers/STM32F4xx_HAL_Driver/Src/stm32f4xx_hal_uart.c.obj
 .text.SystemInit
                0x0800534c       0x24 CMakeFiles/stm32.dir/Core/Src/system_stm32f4xx.c.obj
                0x0800534c                SystemInit
 .text.vListInitialise
                0x08005370       0x40 CMakeFiles/stm32.dir/Middlewares/Third_Party/FreeRTOS/Source/list.c.obj
                0x08005370                vListInitialise
 .text.vListInitialiseItem
                0x080053b0       0x1a CMakeFiles/stm32.dir/Middlewares/Third_Party/FreeRTOS/Source/list.c.obj
                0x080053b0                vListInitialiseItem
 .text.vListInsertEnd
                0x080053ca       0x48 CMakeFiles/stm32.dir/Middlewares/Third_Party/FreeRTOS/Source/list.c.obj
                0x080053ca                vListInsertEnd
 .text.vListInsert
                0x08005412       0x72 CMakeFiles/stm32.dir/Middlewares/Third_Party/FreeRTOS/Source/list.c.obj
                0x08005412                vListInsert
 .text.uxListRemove
                0x08005484       0x54 CMakeFiles/stm32.dir/Middlewares/Third_Party/FreeRTOS/Source/list.c.obj
                0x08005484                uxListRemove
 .text.xTaskCreateStatic
                0x080054d8       0xbe CMakeFiles/stm32.dir/Middlewares/Third_Party/FreeRTOS/Source/tasks.c.obj
                0x080054d8                xTaskCreateStatic
 .text.xTaskCreate
                0x08005596       0x8c CMakeFiles/stm32.dir/Middlewares/Third_Party/FreeRTOS/Source/tasks.c.obj
                0x08005596                xTaskCreate
 .text.prvInitialiseNewTask
                0x08005622      0x18e CMakeFiles/stm32.dir/Middlewares/Third_Party/FreeRTOS/Source/tasks.c.obj
 .text.prvAddNewTaskToReadyList
                0x080057b0       0xd4 CMakeFiles/stm32.dir/Middlewares/Third_Party/FreeRTOS/Source/tasks.c.obj
 .text.vTaskDelay
                0x08005884       0x68 CMakeFiles/stm32.dir/Middlewares/Third_Party/FreeRTOS/Source/tasks.c.obj
                0x08005884                vTaskDelay
 .text.vTaskStartScheduler
                0x080058ec       0xd4 CMakeFiles/stm32.dir/Middlewares/Third_Party/FreeRTOS/Source/tasks.c.obj
                0x080058ec                vTaskStartScheduler
 .text.vTaskSuspendAll
                0x080059c0       0x1c CMakeFiles/stm32.dir/Middlewares/Third_Party/FreeRTOS/Source/tasks.c.obj
                0x080059c0                vTaskSuspendAll
 .text.xTaskResumeAll
                0x080059dc      0x138 CMakeFiles/stm32.dir/Middlewares/Third_Party/FreeRTOS/Source/tasks.c.obj
                0x080059dc                xTaskResumeAll
 .text.xTaskIncrementTick
                0x08005b14      0x170 CMakeFiles/stm32.dir/Middlewares/Third_Party/FreeRTOS/Source/tasks.c.obj
                0x08005b14                xTaskIncrementTick
 .text.vTaskSwitchContext
                0x08005c84       0xc4 CMakeFiles/stm32.dir/Middlewares/Third_Party/FreeRTOS/Source/tasks.c.obj
                0x08005c84                vTaskSwitchContext
 .text.prvIdleTask
                0x08005d48       0x30 CMakeFiles/stm32.dir/Middlewares/Third_Party/FreeRTOS/Source/tasks.c.obj
 .text.prvInitialiseTaskLists
                0x08005d78       0x80 CMakeFiles/stm32.dir/Middlewares/Third_Party/FreeRTOS/Source/tasks.c.obj
 .text.prvCheckTasksWaitingTermination
                0x08005df8       0x5c CMakeFiles/stm32.dir/Middlewares/Third_Party/FreeRTOS/Source/tasks.c.obj
 .text.prvDeleteTCB
                0x08005e54       0x68 CMakeFiles/stm32.dir/Middlewares/Third_Party/FreeRTOS/Source/tasks.c.obj
 .text.prvResetNextTaskUnblockTime
                0x08005ebc       0x40 CMakeFiles/stm32.dir/Middlewares/Third_Party/FreeRTOS/Source/tasks.c.obj
 .text.prvAddCurrentTaskToDelayedList
                0x08005efc       0xcc CMakeFiles/stm32.dir/Middlewares/Third_Party/FreeRTOS/Source/tasks.c.obj
 .text.makeFreeRtosPriority
                0x08005fc8       0x30 CMakeFiles/stm32.dir/Middlewares/Third_Party/FreeRTOS/Source/CMSIS_RTOS/cmsis_os.c.obj
 .text.osKernelStart
                0x08005ff8        0xe CMakeFiles/stm32.dir/Middlewares/Third_Party/FreeRTOS/Source/CMSIS_RTOS/cmsis_os.c.obj
                0x08005ff8                osKernelStart
 .text.osThreadCreate
                0x08006006       0x98 CMakeFiles/stm32.dir/Middlewares/Third_Party/FreeRTOS/Source/CMSIS_RTOS/cmsis_os.c.obj
                0x08006006                osThreadCreate
 .text.osDelay  0x0800609e       0x28 CMakeFiles/stm32.dir/Middlewares/Third_Party/FreeRTOS/Source/CMSIS_RTOS/cmsis_os.c.obj
                0x0800609e                osDelay
 *fill*         0x080060c6        0x2 
 .text.pvPortMalloc
                0x080060c8      0x198 CMakeFiles/stm32.dir/Middlewares/Third_Party/FreeRTOS/Source/portable/MemMang/heap_4.c.obj
                0x080060c8                pvPortMalloc
 .text.vPortFree
                0x08006260       0xc4 CMakeFiles/stm32.dir/Middlewares/Third_Party/FreeRTOS/Source/portable/MemMang/heap_4.c.obj
                0x08006260                vPortFree
 .text.prvHeapInit
                0x08006324       0xc4 CMakeFiles/stm32.dir/Middlewares/Third_Party/FreeRTOS/Source/portable/MemMang/heap_4.c.obj
 .text.prvInsertBlockIntoFreeList
                0x080063e8       0xb4 CMakeFiles/stm32.dir/Middlewares/Third_Party/FreeRTOS/Source/portable/MemMang/heap_4.c.obj
 .text.pxPortInitialiseStack
                0x0800649c       0x68 CMakeFiles/stm32.dir/Middlewares/Third_Party/FreeRTOS/Source/portable/GCC/ARM_CM4F/port.c.obj
                0x0800649c                pxPortInitialiseStack
 .text.prvTaskExitError
                0x08006504       0x58 CMakeFiles/stm32.dir/Middlewares/Third_Party/FreeRTOS/Source/portable/GCC/ARM_CM4F/port.c.obj
 *fill*         0x0800655c        0x4 
 .text.SVC_Handler
                0x08006560       0x28 CMakeFiles/stm32.dir/Middlewares/Third_Party/FreeRTOS/Source/portable/GCC/ARM_CM4F/port.c.obj
                0x08006560                SVC_Handler
 .text.prvPortStartFirstTask
                0x08006588       0x28 CMakeFiles/stm32.dir/Middlewares/Third_Party/FreeRTOS/Source/portable/GCC/ARM_CM4F/port.c.obj
 .text.xPortStartScheduler
                0x080065b0      0x144 CMakeFiles/stm32.dir/Middlewares/Third_Party/FreeRTOS/Source/portable/GCC/ARM_CM4F/port.c.obj
                0x080065b0                xPortStartScheduler
 .text.vPortEnterCritical
                0x080066f4       0x60 CMakeFiles/stm32.dir/Middlewares/Third_Party/FreeRTOS/Source/portable/GCC/ARM_CM4F/port.c.obj
                0x080066f4                vPortEnterCritical
 .text.vPortExitCritical
                0x08006754       0x54 CMakeFiles/stm32.dir/Middlewares/Third_Party/FreeRTOS/Source/portable/GCC/ARM_CM4F/port.c.obj
                0x08006754                vPortExitCritical
 *fill*         0x080067a8        0x8 
 .text.PendSV_Handler
                0x080067b0       0x68 CMakeFiles/stm32.dir/Middlewares/Third_Party/FreeRTOS/Source/portable/GCC/ARM_CM4F/port.c.obj
                0x080067b0                PendSV_Handler
 .text.SysTick_Handler
                0x08006818       0x44 CMakeFiles/stm32.dir/Middlewares/Third_Party/FreeRTOS/Source/portable/GCC/ARM_CM4F/port.c.obj
                0x08006818                SysTick_Handler
 .text.vPortSetupTimerInterrupt
                0x0800685c       0x48 CMakeFiles/stm32.dir/Middlewares/Third_Party/FreeRTOS/Source/portable/GCC/ARM_CM4F/port.c.obj
                0x0800685c                vPortSetupTimerInterrupt
 .text.vPortEnableVFP
                0x080068a4       0x14 CMakeFiles/stm32.dir/Middlewares/Third_Party/FreeRTOS/Source/portable/GCC/ARM_CM4F/port.c.obj
 .text.Reset_Handler
                0x080068b8       0x50 CMakeFiles/stm32.dir/startup_stm32f407xx.s.obj
                0x080068b8                Reset_Handler
 .text.Default_Handler
                0x08006908        0x2 CMakeFiles/stm32.dir/startup_stm32f407xx.s.obj
                0x08006908                RTC_Alarm_IRQHandler
                0x08006908                HASH_RNG_IRQHandler
                0x08006908                EXTI2_IRQHandler
                0x08006908                TIM8_CC_IRQHandler
                0x08006908                TIM1_CC_IRQHandler
                0x08006908                DMA2_Stream5_IRQHandler
                0x08006908                DMA1_Stream5_IRQHandler
                0x08006908                PVD_IRQHandler
                0x08006908                SDIO_IRQHandler
                0x08006908                TAMP_STAMP_IRQHandler
                0x08006908                CAN2_RX1_IRQHandler
                0x08006908                EXTI3_IRQHandler
                0x08006908                TIM8_TRG_COM_TIM14_IRQHandler
                0x08006908                TIM1_UP_TIM10_IRQHandler
                0x08006908                TIM8_UP_TIM13_IRQHandler
                0x08006908                I2C3_ER_IRQHandler
                0x08006908                EXTI0_IRQHandler
                0x08006908                I2C2_EV_IRQHandler
                0x08006908                DMA1_Stream2_IRQHandler
                0x08006908                FPU_IRQHandler
                0x08006908                OTG_HS_WKUP_IRQHandler
                0x08006908                CAN2_SCE_IRQHandler
                0x08006908                SPI1_IRQHandler
                0x08006908                TIM6_DAC_IRQHandler
                0x08006908                TIM1_BRK_TIM9_IRQHandler
                0x08006908                DCMI_IRQHandler
                0x08006908                USART6_IRQHandler
                0x08006908                USART3_IRQHandler
                0x08006908                CAN1_RX1_IRQHandler
                0x08006908                UART5_IRQHandler
                0x08006908                DMA2_Stream0_IRQHandler
                0x08006908                TIM4_IRQHandler
                0x08006908                I2C1_EV_IRQHandler
                0x08006908                DMA1_Stream6_IRQHandler
                0x08006908                UART4_IRQHandler
                0x08006908                TIM3_IRQHandler
                0x08006908                RCC_IRQHandler
                0x08006908                TIM8_BRK_TIM12_IRQHandler
                0x08006908                Default_Handler
                0x08006908                EXTI15_10_IRQHandler
                0x08006908                ADC_IRQHandler
                0x08006908                DMA1_Stream7_IRQHandler
                0x08006908                CAN2_TX_IRQHandler
                0x08006908                TIM5_IRQHandler
                0x08006908                I2C3_EV_IRQHandler
                0x08006908                RTC_WKUP_IRQHandler
                0x08006908                ETH_WKUP_IRQHandler
                0x08006908                SPI2_IRQHandler
                0x08006908                OTG_HS_EP1_IN_IRQHandler
                0x08006908                DMA1_Stream0_IRQHandler
                0x08006908                CAN1_TX_IRQHandler
                0x08006908                FSMC_IRQHandler
                0x08006908                ETH_IRQHandler
                0x08006908                OTG_HS_EP1_OUT_IRQHandler
                0x08006908                WWDG_IRQHandler
                0x08006908                OTG_FS_WKUP_IRQHandler
                0x08006908                TIM1_TRG_COM_TIM11_IRQHandler
                0x08006908                OTG_HS_IRQHandler
                0x08006908                EXTI1_IRQHandler
                0x08006908                USART2_IRQHandler
                0x08006908                I2C2_ER_IRQHandler
                0x08006908                CAN1_SCE_IRQHandler
                0x08006908                FLASH_IRQHandler
                0x08006908                DMA2_Stream4_IRQHandler
                0x08006908                USART1_IRQHandler
                0x08006908                OTG_FS_IRQHandler
                0x08006908                SPI3_IRQHandler
                0x08006908                DMA1_Stream4_IRQHandler
                0x08006908                I2C1_ER_IRQHandler
                0x08006908                DMA1_Stream3_IRQHandler
 .text.cleanup_glue
                0x0800690a       0x1a c:/users/chaos/stm32cube/gcc-arm-none-eabi/bin/../lib/gcc/arm-none-eabi/10.3.1/../../../../arm-none-eabi/lib/thumb/v7e-m+fp/hard\libg_nano.a(lib_a-reent.o)
                0x0800690a                cleanup_glue
 .text._reclaim_reent
                0x08006924       0xb8 c:/users/chaos/stm32cube/gcc-arm-none-eabi/bin/../lib/gcc/arm-none-eabi/10.3.1/../../../../arm-none-eabi/lib/thumb/v7e-m+fp/hard\libg_nano.a(lib_a-reent.o)
                0x08006924                _reclaim_reent
 .text._free_r  0x080069dc       0x98 c:/users/chaos/stm32cube/gcc-arm-none-eabi/bin/../lib/gcc/arm-none-eabi/10.3.1/../../../../arm-none-eabi/lib/thumb/v7e-m+fp/hard\libg_nano.a(lib_a-nano-freer.o)
                0x080069dc                _free_r
 .text.__malloc_lock
                0x08006a74        0xc c:/users/chaos/stm32cube/gcc-arm-none-eabi/bin/../lib/gcc/arm-none-eabi/10.3.1/../../../../arm-none-eabi/lib/thumb/v7e-m+fp/hard\libg_nano.a(lib_a-mlock.o)
                0x08006a74                __malloc_lock
 .text.__malloc_unlock
                0x08006a80        0xc c:/users/chaos/stm32cube/gcc-arm-none-eabi/bin/../lib/gcc/arm-none-eabi/10.3.1/../../../../arm-none-eabi/lib/thumb/v7e-m+fp/hard\libg_nano.a(lib_a-mlock.o)
                0x08006a80                __malloc_unlock
 .text.__retarget_lock_acquire_recursive
                0x08006a8c        0x2 c:/users/chaos/stm32cube/gcc-arm-none-eabi/bin/../lib/gcc/arm-none-eabi/10.3.1/../../../../arm-none-eabi/lib/thumb/v7e-m+fp/hard\libg_nano.a(lib_a-lock.o)
                0x08006a8c                __retarget_lock_acquire_recursive
 .text.__retarget_lock_release_recursive
                0x08006a8e        0x2 c:/users/chaos/stm32cube/gcc-arm-none-eabi/bin/../lib/gcc/arm-none-eabi/10.3.1/../../../../arm-none-eabi/lib/thumb/v7e-m+fp/hard\libg_nano.a(lib_a-lock.o)
                0x08006a8e                __retarget_lock_release_recursive
 *(.glue_7)
 .glue_7        0x08006a90        0x0 linker stubs
 *(.glue_7t)
 .glue_7t       0x08006a90        0x0 linker stubs
 *(.eh_frame)
 .eh_frame      0x08006a90        0x0 c:/users/chaos/stm32cube/gcc-arm-none-eabi/bin/../lib/gcc/arm-none-eabi/10.3.1/thumb/v7e-m+fp/hard/crtbegin.o
 *(.init)
 .init          0x08006a90        0x4 c:/users/chaos/stm32cube/gcc-arm-none-eabi/bin/../lib/gcc/arm-none-eabi/10.3.1/thumb/v7e-m+fp/hard/crti.o
                0x08006a90                _init
 .init          0x08006a94        0x8 c:/users/chaos/stm32cube/gcc-arm-none-eabi/bin/../lib/gcc/arm-none-eabi/10.3.1/thumb/v7e-m+fp/hard/crtn.o
 *(.fini)
 .fini          0x08006a9c        0x4 c:/users/chaos/stm32cube/gcc-arm-none-eabi/bin/../lib/gcc/arm-none-eabi/10.3.1/thumb/v7e-m+fp/hard/crti.o
                0x08006a9c                _fini
 .fini          0x08006aa0        0x8 c:/users/chaos/stm32cube/gcc-arm-none-eabi/bin/../lib/gcc/arm-none-eabi/10.3.1/thumb/v7e-m+fp/hard/crtn.o
                0x08006aa8                . = ALIGN (0x4)
                0x08006aa8                _etext = .

.vfp11_veneer   0x08006aa8        0x0
 .vfp11_veneer  0x08006aa8        0x0 linker stubs

.v4_bx          0x08006aa8        0x0
 .v4_bx         0x08006aa8        0x0 linker stubs

.iplt           0x08006aa8        0x0
 .iplt          0x08006aa8        0x0 c:/users/chaos/stm32cube/gcc-arm-none-eabi/bin/../lib/gcc/arm-none-eabi/10.3.1/thumb/v7e-m+fp/hard/crtbegin.o

.rodata         0x08006aa8       0x50
                0x08006aa8                . = ALIGN (0x4)
 *(.rodata)
 .rodata        0x08006aa8       0x28 CMakeFiles/stm32.dir/Core/Src/freertos.c.obj
 .rodata        0x08006ad0        0x5 CMakeFiles/stm32.dir/Middlewares/Third_Party/FreeRTOS/Source/tasks.c.obj
 *(.rodata*)
 *fill*         0x08006ad5        0x3 
 .rodata.flagBitshiftOffset.0
                0x08006ad8        0x8 CMakeFiles/stm32.dir/Drivers/STM32F4xx_HAL_Driver/Src/stm32f4xx_hal_dma.c.obj
 .rodata.AHBPrescTable
                0x08006ae0       0x10 CMakeFiles/stm32.dir/Core/Src/system_stm32f4xx.c.obj
                0x08006ae0                AHBPrescTable
 .rodata.APBPrescTable
                0x08006af0        0x8 CMakeFiles/stm32.dir/Core/Src/system_stm32f4xx.c.obj
                0x08006af0                APBPrescTable
                0x08006af8                . = ALIGN (0x4)

.ARM.extab
 *(.ARM.extab* .gnu.linkonce.armextab.*)

.ARM            0x08006af8        0x8
                0x08006af8                __exidx_start = .
 *(.ARM.exidx*)
 .ARM.exidx     0x08006af8        0x8 c:/users/chaos/stm32cube/gcc-arm-none-eabi/bin/../lib/gcc/arm-none-eabi/10.3.1/thumb/v7e-m+fp/hard\libgcc.a(_udivmoddi4.o)
                0x08006b00                __exidx_end = .

.rel.dyn        0x08006b00        0x0
 .rel.iplt      0x08006b00        0x0 c:/users/chaos/stm32cube/gcc-arm-none-eabi/bin/../lib/gcc/arm-none-eabi/10.3.1/thumb/v7e-m+fp/hard/crtbegin.o

.preinit_array  0x08006b00        0x0
                0x08006b00                PROVIDE (__preinit_array_start = .)
 *(.preinit_array*)
                0x08006b00                PROVIDE (__preinit_array_end = .)

.init_array     0x08006b00        0x4
                0x08006b00                PROVIDE (__init_array_start = .)
 *(SORT_BY_NAME(.init_array.*))
 *(.init_array*)
 .init_array    0x08006b00        0x4 c:/users/chaos/stm32cube/gcc-arm-none-eabi/bin/../lib/gcc/arm-none-eabi/10.3.1/thumb/v7e-m+fp/hard/crtbegin.o
                0x08006b04                PROVIDE (__init_array_end = .)

.fini_array     0x08006b04        0x4
                [!provide]                PROVIDE (__fini_array_start = .)
 *(SORT_BY_NAME(.fini_array.*))
 *(.fini_array*)
 .fini_array    0x08006b04        0x4 c:/users/chaos/stm32cube/gcc-arm-none-eabi/bin/../lib/gcc/arm-none-eabi/10.3.1/thumb/v7e-m+fp/hard/crtbegin.o
                [!provide]                PROVIDE (__fini_array_end = .)
                0x08006b08                _sidata = LOADADDR (.data)

.data           0x20000000       0x74 load address 0x08006b08
                0x20000000                . = ALIGN (0x4)
                0x20000000                _sdata = .
 *(.data)
 *(.data*)
 .data._impure_ptr
                0x20000000        0x4 c:/users/chaos/stm32cube/gcc-arm-none-eabi/bin/../lib/gcc/arm-none-eabi/10.3.1/../../../../arm-none-eabi/lib/thumb/v7e-m+fp/hard\libc_nano.a(lib_a-impure.o)
                0x20000000                _impure_ptr
 .data.impure_data
                0x20000004       0x60 c:/users/chaos/stm32cube/gcc-arm-none-eabi/bin/../lib/gcc/arm-none-eabi/10.3.1/../../../../arm-none-eabi/lib/thumb/v7e-m+fp/hard\libc_nano.a(lib_a-impure.o)
 .data.uwTickPrio
                0x20000064        0x4 CMakeFiles/stm32.dir/Drivers/STM32F4xx_HAL_Driver/Src/stm32f4xx_hal.c.obj
                0x20000064                uwTickPrio
 .data.uwTickFreq
                0x20000068        0x1 CMakeFiles/stm32.dir/Drivers/STM32F4xx_HAL_Driver/Src/stm32f4xx_hal.c.obj
                0x20000068                uwTickFreq
 *fill*         0x20000069        0x3 
 .data.SystemCoreClock
                0x2000006c        0x4 CMakeFiles/stm32.dir/Core/Src/system_stm32f4xx.c.obj
                0x2000006c                SystemCoreClock
 .data.uxCriticalNesting
                0x20000070        0x4 CMakeFiles/stm32.dir/Middlewares/Third_Party/FreeRTOS/Source/portable/GCC/ARM_CM4F/port.c.obj
                0x20000074                . = ALIGN (0x4)
                0x20000074                _edata = .
                0x08006b7c                _siccmram = LOADADDR (.ccmram)

.igot.plt       0x20000074        0x0 load address 0x08006b7c
 .igot.plt      0x20000074        0x0 c:/users/chaos/stm32cube/gcc-arm-none-eabi/bin/../lib/gcc/arm-none-eabi/10.3.1/thumb/v7e-m+fp/hard/crtbegin.o

.ccmram         0x10000000        0x0 load address 0x08006b7c
                0x10000000                . = ALIGN (0x4)
                0x10000000                _sccmram = .
 *(.ccmram)
 *(.ccmram*)
                0x10000000                . = ALIGN (0x4)
                0x10000000                _eccmram = .
                0x10000000                . = ALIGN (0x4)

.bss            0x20000078     0x4bdc
                0x20000078                _sbss = .
                0x20000078                __bss_start__ = _sbss
 *(.bss)
 .bss           0x20000078       0x1c c:/users/chaos/stm32cube/gcc-arm-none-eabi/bin/../lib/gcc/arm-none-eabi/10.3.1/thumb/v7e-m+fp/hard/crtbegin.o
 *(.bss*)
 .bss.defaultTaskHandle
                0x20000094        0x4 CMakeFiles/stm32.dir/Core/Src/freertos.c.obj
                0x20000094                defaultTaskHandle
 .bss.xIdleTaskTCBBuffer
                0x20000098      0x480 CMakeFiles/stm32.dir/Core/Src/freertos.c.obj
 .bss.xIdleStack
                0x20000518      0x200 CMakeFiles/stm32.dir/Core/Src/freertos.c.obj
 .bss.hcan1     0x20000718       0x64 CMakeFiles/stm32.dir/Core/Src/can.c.obj
                0x20000718                hcan1
 .bss.hcan2     0x2000077c       0x64 CMakeFiles/stm32.dir/Core/Src/can.c.obj
                0x2000077c                hcan2
 .bss.HAL_RCC_CAN1_CLK_ENABLED
                0x200007e0        0x4 CMakeFiles/stm32.dir/Core/Src/can.c.obj
 .bss.hspi1     0x200007e4       0x80 CMakeFiles/stm32.dir/Core/Src/spi.c.obj
                0x200007e4                hspi1
 .bss.hdma_spi1_rx
                0x20000864       0x60 CMakeFiles/stm32.dir/Core/Src/spi.c.obj
                0x20000864                hdma_spi1_rx
 .bss.hdma_spi1_tx
                0x200008c4       0x60 CMakeFiles/stm32.dir/Core/Src/spi.c.obj
                0x200008c4                hdma_spi1_tx
 .bss.htim1     0x20000924       0x48 CMakeFiles/stm32.dir/Core/Src/tim.c.obj
                0x20000924                htim1
 .bss.htim2     0x2000096c       0x48 CMakeFiles/stm32.dir/Core/Src/tim.c.obj
                0x2000096c                htim2
 .bss.htim3     0x200009b4       0x48 CMakeFiles/stm32.dir/Core/Src/tim.c.obj
                0x200009b4                htim3
 .bss.htim4     0x200009fc       0x48 CMakeFiles/stm32.dir/Core/Src/tim.c.obj
                0x200009fc                htim4
 .bss.htim5     0x20000a44       0x48 CMakeFiles/stm32.dir/Core/Src/tim.c.obj
                0x20000a44                htim5
 .bss.htim6     0x20000a8c       0x48 CMakeFiles/stm32.dir/Core/Src/tim.c.obj
                0x20000a8c                htim6
 .bss.htim8     0x20000ad4       0x48 CMakeFiles/stm32.dir/Core/Src/tim.c.obj
                0x20000ad4                htim8
 .bss.htim10    0x20000b1c       0x48 CMakeFiles/stm32.dir/Core/Src/tim.c.obj
                0x20000b1c                htim10
 .bss.huart1    0x20000b64       0x78 CMakeFiles/stm32.dir/Core/Src/usart.c.obj
                0x20000b64                huart1
 .bss.huart3    0x20000bdc       0x78 CMakeFiles/stm32.dir/Core/Src/usart.c.obj
                0x20000bdc                huart3
 .bss.huart6    0x20000c54       0x78 CMakeFiles/stm32.dir/Core/Src/usart.c.obj
                0x20000c54                huart6
 .bss.hdma_usart1_tx
                0x20000ccc       0x60 CMakeFiles/stm32.dir/Core/Src/usart.c.obj
                0x20000ccc                hdma_usart1_tx
 .bss.hdma_usart1_rx
                0x20000d2c       0x60 CMakeFiles/stm32.dir/Core/Src/usart.c.obj
                0x20000d2c                hdma_usart1_rx
 .bss.hdma_usart3_rx
                0x20000d8c       0x60 CMakeFiles/stm32.dir/Core/Src/usart.c.obj
                0x20000d8c                hdma_usart3_rx
 .bss.hdma_usart6_rx
                0x20000dec       0x60 CMakeFiles/stm32.dir/Core/Src/usart.c.obj
                0x20000dec                hdma_usart6_rx
 .bss.hdma_usart6_tx
                0x20000e4c       0x60 CMakeFiles/stm32.dir/Core/Src/usart.c.obj
                0x20000e4c                hdma_usart6_tx
 .bss.htim7     0x20000eac       0x48 CMakeFiles/stm32.dir/Core/Src/stm32f4xx_hal_timebase_tim.c.obj
                0x20000eac                htim7
 .bss.uwTick    0x20000ef4        0x4 CMakeFiles/stm32.dir/Drivers/STM32F4xx_HAL_Driver/Src/stm32f4xx_hal.c.obj
                0x20000ef4                uwTick
 .bss.pxCurrentTCB
                0x20000ef8        0x4 CMakeFiles/stm32.dir/Middlewares/Third_Party/FreeRTOS/Source/tasks.c.obj
                0x20000ef8                pxCurrentTCB
 .bss.pxReadyTasksLists
                0x20000efc       0x8c CMakeFiles/stm32.dir/Middlewares/Third_Party/FreeRTOS/Source/tasks.c.obj
 .bss.xDelayedTaskList1
                0x20000f88       0x14 CMakeFiles/stm32.dir/Middlewares/Third_Party/FreeRTOS/Source/tasks.c.obj
 .bss.xDelayedTaskList2
                0x20000f9c       0x14 CMakeFiles/stm32.dir/Middlewares/Third_Party/FreeRTOS/Source/tasks.c.obj
 .bss.pxDelayedTaskList
                0x20000fb0        0x4 CMakeFiles/stm32.dir/Middlewares/Third_Party/FreeRTOS/Source/tasks.c.obj
 .bss.pxOverflowDelayedTaskList
                0x20000fb4        0x4 CMakeFiles/stm32.dir/Middlewares/Third_Party/FreeRTOS/Source/tasks.c.obj
 .bss.xPendingReadyList
                0x20000fb8       0x14 CMakeFiles/stm32.dir/Middlewares/Third_Party/FreeRTOS/Source/tasks.c.obj
 .bss.xTasksWaitingTermination
                0x20000fcc       0x14 CMakeFiles/stm32.dir/Middlewares/Third_Party/FreeRTOS/Source/tasks.c.obj
 .bss.uxDeletedTasksWaitingCleanUp
                0x20000fe0        0x4 CMakeFiles/stm32.dir/Middlewares/Third_Party/FreeRTOS/Source/tasks.c.obj
 .bss.xSuspendedTaskList
                0x20000fe4       0x14 CMakeFiles/stm32.dir/Middlewares/Third_Party/FreeRTOS/Source/tasks.c.obj
 .bss.uxCurrentNumberOfTasks
                0x20000ff8        0x4 CMakeFiles/stm32.dir/Middlewares/Third_Party/FreeRTOS/Source/tasks.c.obj
 .bss.xTickCount
                0x20000ffc        0x4 CMakeFiles/stm32.dir/Middlewares/Third_Party/FreeRTOS/Source/tasks.c.obj
 .bss.uxTopReadyPriority
                0x20001000        0x4 CMakeFiles/stm32.dir/Middlewares/Third_Party/FreeRTOS/Source/tasks.c.obj
 .bss.xSchedulerRunning
                0x20001004        0x4 CMakeFiles/stm32.dir/Middlewares/Third_Party/FreeRTOS/Source/tasks.c.obj
 .bss.xPendedTicks
                0x20001008        0x4 CMakeFiles/stm32.dir/Middlewares/Third_Party/FreeRTOS/Source/tasks.c.obj
 .bss.xYieldPending
                0x2000100c        0x4 CMakeFiles/stm32.dir/Middlewares/Third_Party/FreeRTOS/Source/tasks.c.obj
 .bss.xNumOfOverflows
                0x20001010        0x4 CMakeFiles/stm32.dir/Middlewares/Third_Party/FreeRTOS/Source/tasks.c.obj
 .bss.uxTaskNumber
                0x20001014        0x4 CMakeFiles/stm32.dir/Middlewares/Third_Party/FreeRTOS/Source/tasks.c.obj
 .bss.xNextTaskUnblockTime
                0x20001018        0x4 CMakeFiles/stm32.dir/Middlewares/Third_Party/FreeRTOS/Source/tasks.c.obj
 .bss.xIdleTaskHandle
                0x2000101c        0x4 CMakeFiles/stm32.dir/Middlewares/Third_Party/FreeRTOS/Source/tasks.c.obj
 .bss.uxSchedulerSuspended
                0x20001020        0x4 CMakeFiles/stm32.dir/Middlewares/Third_Party/FreeRTOS/Source/tasks.c.obj
 .bss.ucHeap    0x20001024     0x3c00 CMakeFiles/stm32.dir/Middlewares/Third_Party/FreeRTOS/Source/portable/MemMang/heap_4.c.obj
 .bss.xStart    0x20004c24        0x8 CMakeFiles/stm32.dir/Middlewares/Third_Party/FreeRTOS/Source/portable/MemMang/heap_4.c.obj
 .bss.pxEnd     0x20004c2c        0x4 CMakeFiles/stm32.dir/Middlewares/Third_Party/FreeRTOS/Source/portable/MemMang/heap_4.c.obj
 .bss.xFreeBytesRemaining
                0x20004c30        0x4 CMakeFiles/stm32.dir/Middlewares/Third_Party/FreeRTOS/Source/portable/MemMang/heap_4.c.obj
 .bss.xMinimumEverFreeBytesRemaining
                0x20004c34        0x4 CMakeFiles/stm32.dir/Middlewares/Third_Party/FreeRTOS/Source/portable/MemMang/heap_4.c.obj
 .bss.xNumberOfSuccessfulAllocations
                0x20004c38        0x4 CMakeFiles/stm32.dir/Middlewares/Third_Party/FreeRTOS/Source/portable/MemMang/heap_4.c.obj
 .bss.xNumberOfSuccessfulFrees
                0x20004c3c        0x4 CMakeFiles/stm32.dir/Middlewares/Third_Party/FreeRTOS/Source/portable/MemMang/heap_4.c.obj
 .bss.xBlockAllocatedBit
                0x20004c40        0x4 CMakeFiles/stm32.dir/Middlewares/Third_Party/FreeRTOS/Source/portable/MemMang/heap_4.c.obj
 .bss.ucMaxSysCallPriority
                0x20004c44        0x1 CMakeFiles/stm32.dir/Middlewares/Third_Party/FreeRTOS/Source/portable/GCC/ARM_CM4F/port.c.obj
 *fill*         0x20004c45        0x3 
 .bss.ulMaxPRIGROUPValue
                0x20004c48        0x4 CMakeFiles/stm32.dir/Middlewares/Third_Party/FreeRTOS/Source/portable/GCC/ARM_CM4F/port.c.obj
 .bss.__malloc_free_list
                0x20004c4c        0x4 c:/users/chaos/stm32cube/gcc-arm-none-eabi/bin/../lib/gcc/arm-none-eabi/10.3.1/../../../../arm-none-eabi/lib/thumb/v7e-m+fp/hard\libg_nano.a(lib_a-nano-mallocr.o)
                0x20004c4c                __malloc_free_list
 .bss.__lock___malloc_recursive_mutex
                0x20004c50        0x1 c:/users/chaos/stm32cube/gcc-arm-none-eabi/bin/../lib/gcc/arm-none-eabi/10.3.1/../../../../arm-none-eabi/lib/thumb/v7e-m+fp/hard\libg_nano.a(lib_a-lock.o)
                0x20004c50                __lock___malloc_recursive_mutex
 *(COMMON)
                0x20004c54                . = ALIGN (0x4)
 *fill*         0x20004c51        0x3 
                0x20004c54                _ebss = .
                0x20004c54                __bss_end__ = _ebss

._user_heap_stack
                0x20004c54     0x4004
                0x20004c58                . = ALIGN (0x8)
 *fill*         0x20004c54        0x4 
                [!provide]                PROVIDE (end = .)
                0x20004c58                PROVIDE (_end = .)
                0x20006c58                . = (. + _Min_Heap_Size)
 *fill*         0x20004c58     0x2000 
                0x20008c58                . = (. + _Min_Stack_Size)
 *fill*         0x20006c58     0x2000 
                0x20008c58                . = ALIGN (0x8)

/DISCARD/
 libc.a(*)
 libm.a(*)
 libgcc.a(*)

.ARM.attributes
                0x00000000       0x30
 *(.ARM.attributes)
 .ARM.attributes
                0x00000000       0x1e c:/users/chaos/stm32cube/gcc-arm-none-eabi/bin/../lib/gcc/arm-none-eabi/10.3.1/thumb/v7e-m+fp/hard/crti.o
 .ARM.attributes
                0x0000001e       0x34 c:/users/chaos/stm32cube/gcc-arm-none-eabi/bin/../lib/gcc/arm-none-eabi/10.3.1/thumb/v7e-m+fp/hard/crtbegin.o
 .ARM.attributes
                0x00000052       0x34 c:/users/chaos/stm32cube/gcc-arm-none-eabi/bin/../lib/gcc/arm-none-eabi/10.3.1/../../../../arm-none-eabi/lib/thumb/v7e-m+fp/hard\libc_nano.a(lib_a-impure.o)
 .ARM.attributes
                0x00000086       0x34 c:/users/chaos/stm32cube/gcc-arm-none-eabi/bin/../lib/gcc/arm-none-eabi/10.3.1/../../../../arm-none-eabi/lib/thumb/v7e-m+fp/hard\libc_nano.a(lib_a-init.o)
 .ARM.attributes
                0x000000ba       0x34 c:/users/chaos/stm32cube/gcc-arm-none-eabi/bin/../lib/gcc/arm-none-eabi/10.3.1/../../../../arm-none-eabi/lib/thumb/v7e-m+fp/hard\libc_nano.a(lib_a-memset.o)
 .ARM.attributes
                0x000000ee       0x34 CMakeFiles/stm32.dir/Core/Src/main.c.obj
 .ARM.attributes
                0x00000122       0x34 CMakeFiles/stm32.dir/Core/Src/gpio.c.obj
 .ARM.attributes
                0x00000156       0x34 CMakeFiles/stm32.dir/Core/Src/freertos.c.obj
 .ARM.attributes
                0x0000018a       0x34 CMakeFiles/stm32.dir/Core/Src/can.c.obj
 .ARM.attributes
                0x000001be       0x34 CMakeFiles/stm32.dir/Core/Src/dma.c.obj
 .ARM.attributes
                0x000001f2       0x34 CMakeFiles/stm32.dir/Core/Src/spi.c.obj
 .ARM.attributes
                0x00000226       0x34 CMakeFiles/stm32.dir/Core/Src/tim.c.obj
 .ARM.attributes
                0x0000025a       0x34 CMakeFiles/stm32.dir/Core/Src/usart.c.obj
 .ARM.attributes
                0x0000028e       0x34 CMakeFiles/stm32.dir/Core/Src/stm32f4xx_it.c.obj
 .ARM.attributes
                0x000002c2       0x34 CMakeFiles/stm32.dir/Core/Src/stm32f4xx_hal_msp.c.obj
 .ARM.attributes
                0x000002f6       0x34 CMakeFiles/stm32.dir/Core/Src/stm32f4xx_hal_timebase_tim.c.obj
 .ARM.attributes
                0x0000032a       0x34 CMakeFiles/stm32.dir/Drivers/STM32F4xx_HAL_Driver/Src/stm32f4xx_hal_can.c.obj
 .ARM.attributes
                0x0000035e       0x34 CMakeFiles/stm32.dir/Drivers/STM32F4xx_HAL_Driver/Src/stm32f4xx_hal_rcc.c.obj
 .ARM.attributes
                0x00000392       0x34 CMakeFiles/stm32.dir/Drivers/STM32F4xx_HAL_Driver/Src/stm32f4xx_hal_gpio.c.obj
 .ARM.attributes
                0x000003c6       0x34 CMakeFiles/stm32.dir/Drivers/STM32F4xx_HAL_Driver/Src/stm32f4xx_hal_dma.c.obj
 .ARM.attributes
                0x000003fa       0x34 CMakeFiles/stm32.dir/Drivers/STM32F4xx_HAL_Driver/Src/stm32f4xx_hal_cortex.c.obj
 .ARM.attributes
                0x0000042e       0x34 CMakeFiles/stm32.dir/Drivers/STM32F4xx_HAL_Driver/Src/stm32f4xx_hal.c.obj
 .ARM.attributes
                0x00000462       0x34 CMakeFiles/stm32.dir/Drivers/STM32F4xx_HAL_Driver/Src/stm32f4xx_hal_spi.c.obj
 .ARM.attributes
                0x00000496       0x34 CMakeFiles/stm32.dir/Drivers/STM32F4xx_HAL_Driver/Src/stm32f4xx_hal_tim.c.obj
 .ARM.attributes
                0x000004ca       0x34 CMakeFiles/stm32.dir/Drivers/STM32F4xx_HAL_Driver/Src/stm32f4xx_hal_tim_ex.c.obj
 .ARM.attributes
                0x000004fe       0x34 CMakeFiles/stm32.dir/Drivers/STM32F4xx_HAL_Driver/Src/stm32f4xx_hal_uart.c.obj
 .ARM.attributes
                0x00000532       0x34 CMakeFiles/stm32.dir/Core/Src/system_stm32f4xx.c.obj
 .ARM.attributes
                0x00000566       0x34 CMakeFiles/stm32.dir/Middlewares/Third_Party/FreeRTOS/Source/list.c.obj
 .ARM.attributes
                0x0000059a       0x34 CMakeFiles/stm32.dir/Middlewares/Third_Party/FreeRTOS/Source/tasks.c.obj
 .ARM.attributes
                0x000005ce       0x34 CMakeFiles/stm32.dir/Middlewares/Third_Party/FreeRTOS/Source/CMSIS_RTOS/cmsis_os.c.obj
 .ARM.attributes
                0x00000602       0x34 CMakeFiles/stm32.dir/Middlewares/Third_Party/FreeRTOS/Source/portable/MemMang/heap_4.c.obj
 .ARM.attributes
                0x00000636       0x34 CMakeFiles/stm32.dir/Middlewares/Third_Party/FreeRTOS/Source/portable/GCC/ARM_CM4F/port.c.obj
 .ARM.attributes
                0x0000066a       0x21 CMakeFiles/stm32.dir/startup_stm32f407xx.s.obj
 .ARM.attributes
                0x0000068b       0x1e c:/users/chaos/stm32cube/gcc-arm-none-eabi/bin/../lib/gcc/arm-none-eabi/10.3.1/thumb/v7e-m+fp/hard\libgcc.a(_aeabi_uldivmod.o)
 .ARM.attributes
                0x000006a9       0x34 c:/users/chaos/stm32cube/gcc-arm-none-eabi/bin/../lib/gcc/arm-none-eabi/10.3.1/thumb/v7e-m+fp/hard\libgcc.a(_udivmoddi4.o)
 .ARM.attributes
                0x000006dd       0x1e c:/users/chaos/stm32cube/gcc-arm-none-eabi/bin/../lib/gcc/arm-none-eabi/10.3.1/thumb/v7e-m+fp/hard\libgcc.a(_dvmd_tls.o)
 .ARM.attributes
                0x000006fb       0x34 c:/users/chaos/stm32cube/gcc-arm-none-eabi/bin/../lib/gcc/arm-none-eabi/10.3.1/../../../../arm-none-eabi/lib/thumb/v7e-m+fp/hard\libg_nano.a(lib_a-reent.o)
 .ARM.attributes
                0x0000072f       0x34 c:/users/chaos/stm32cube/gcc-arm-none-eabi/bin/../lib/gcc/arm-none-eabi/10.3.1/../../../../arm-none-eabi/lib/thumb/v7e-m+fp/hard\libg_nano.a(lib_a-nano-freer.o)
 .ARM.attributes
                0x00000763       0x34 c:/users/chaos/stm32cube/gcc-arm-none-eabi/bin/../lib/gcc/arm-none-eabi/10.3.1/../../../../arm-none-eabi/lib/thumb/v7e-m+fp/hard\libg_nano.a(lib_a-nano-mallocr.o)
 .ARM.attributes
                0x00000797       0x34 c:/users/chaos/stm32cube/gcc-arm-none-eabi/bin/../lib/gcc/arm-none-eabi/10.3.1/../../../../arm-none-eabi/lib/thumb/v7e-m+fp/hard\libg_nano.a(lib_a-mlock.o)
 .ARM.attributes
                0x000007cb       0x34 c:/users/chaos/stm32cube/gcc-arm-none-eabi/bin/../lib/gcc/arm-none-eabi/10.3.1/../../../../arm-none-eabi/lib/thumb/v7e-m+fp/hard\libg_nano.a(lib_a-lock.o)
 .ARM.attributes
                0x000007ff       0x1e c:/users/chaos/stm32cube/gcc-arm-none-eabi/bin/../lib/gcc/arm-none-eabi/10.3.1/thumb/v7e-m+fp/hard/crtn.o
OUTPUT(stm32.elf elf32-littlearm)
LOAD linker stubs
LOAD c:/users/chaos/stm32cube/gcc-arm-none-eabi/bin/../lib/gcc/arm-none-eabi/10.3.1/../../../../arm-none-eabi/lib/thumb/v7e-m+fp/hard\libc.a
LOAD c:/users/chaos/stm32cube/gcc-arm-none-eabi/bin/../lib/gcc/arm-none-eabi/10.3.1/../../../../arm-none-eabi/lib/thumb/v7e-m+fp/hard\libm.a
LOAD c:/users/chaos/stm32cube/gcc-arm-none-eabi/bin/../lib/gcc/arm-none-eabi/10.3.1/thumb/v7e-m+fp/hard\libgcc.a

.debug_frame    0x00000000     0x5bec
 .debug_frame   0x00000000       0x2c c:/users/chaos/stm32cube/gcc-arm-none-eabi/bin/../lib/gcc/arm-none-eabi/10.3.1/../../../../arm-none-eabi/lib/thumb/v7e-m+fp/hard\libc_nano.a(lib_a-init.o)
 .debug_frame   0x0000002c       0x20 c:/users/chaos/stm32cube/gcc-arm-none-eabi/bin/../lib/gcc/arm-none-eabi/10.3.1/../../../../arm-none-eabi/lib/thumb/v7e-m+fp/hard\libc_nano.a(lib_a-memset.o)
 .debug_frame   0x0000004c       0x8c CMakeFiles/stm32.dir/Core/Src/main.c.obj
 .debug_frame   0x000000d8       0x38 CMakeFiles/stm32.dir/Core/Src/gpio.c.obj
 .debug_frame   0x00000110       0x80 CMakeFiles/stm32.dir/Core/Src/freertos.c.obj
 .debug_frame   0x00000190       0x90 CMakeFiles/stm32.dir/Core/Src/can.c.obj
 .debug_frame   0x00000220       0x34 CMakeFiles/stm32.dir/Core/Src/dma.c.obj
 .debug_frame   0x00000254       0x74 CMakeFiles/stm32.dir/Core/Src/spi.c.obj
 .debug_frame   0x000002c8      0x19c CMakeFiles/stm32.dir/Core/Src/tim.c.obj
 .debug_frame   0x00000464       0xb0 CMakeFiles/stm32.dir/Core/Src/usart.c.obj
 .debug_frame   0x00000514      0x1f8 CMakeFiles/stm32.dir/Core/Src/stm32f4xx_it.c.obj
 .debug_frame   0x0000070c       0x34 CMakeFiles/stm32.dir/Core/Src/stm32f4xx_hal_msp.c.obj
 .debug_frame   0x00000740       0x74 CMakeFiles/stm32.dir/Core/Src/stm32f4xx_hal_timebase_tim.c.obj
 .debug_frame   0x000007b4      0x5f4 CMakeFiles/stm32.dir/Drivers/STM32F4xx_HAL_Driver/Src/stm32f4xx_hal_can.c.obj
 .debug_frame   0x00000da8      0x1f4 CMakeFiles/stm32.dir/Drivers/STM32F4xx_HAL_Driver/Src/stm32f4xx_hal_rcc.c.obj
 .debug_frame   0x00000f9c      0x14c CMakeFiles/stm32.dir/Drivers/STM32F4xx_HAL_Driver/Src/stm32f4xx_hal_gpio.c.obj
 .debug_frame   0x000010e8      0x250 CMakeFiles/stm32.dir/Drivers/STM32F4xx_HAL_Driver/Src/stm32f4xx_hal_dma.c.obj
 .debug_frame   0x00001338      0x508 CMakeFiles/stm32.dir/Drivers/STM32F4xx_HAL_Driver/Src/stm32f4xx_hal_cortex.c.obj
 .debug_frame   0x00001840      0x374 CMakeFiles/stm32.dir/Drivers/STM32F4xx_HAL_Driver/Src/stm32f4xx_hal.c.obj
 .debug_frame   0x00001bb4      0x878 CMakeFiles/stm32.dir/Drivers/STM32F4xx_HAL_Driver/Src/stm32f4xx_hal_spi.c.obj
 .debug_frame   0x0000242c     0x11c0 CMakeFiles/stm32.dir/Drivers/STM32F4xx_HAL_Driver/Src/stm32f4xx_hal_tim.c.obj
 .debug_frame   0x000035ec      0x638 CMakeFiles/stm32.dir/Drivers/STM32F4xx_HAL_Driver/Src/stm32f4xx_hal_tim_ex.c.obj
 .debug_frame   0x00003c24      0xa1c CMakeFiles/stm32.dir/Drivers/STM32F4xx_HAL_Driver/Src/stm32f4xx_hal_uart.c.obj
 .debug_frame   0x00004640       0x58 CMakeFiles/stm32.dir/Core/Src/system_stm32f4xx.c.obj
 .debug_frame   0x00004698       0xd8 CMakeFiles/stm32.dir/Middlewares/Third_Party/FreeRTOS/Source/list.c.obj
 .debug_frame   0x00004770      0x77c CMakeFiles/stm32.dir/Middlewares/Third_Party/FreeRTOS/Source/tasks.c.obj
 .debug_frame   0x00004eec      0x80c CMakeFiles/stm32.dir/Middlewares/Third_Party/FreeRTOS/Source/CMSIS_RTOS/cmsis_os.c.obj
 .debug_frame   0x000056f8      0x12c CMakeFiles/stm32.dir/Middlewares/Third_Party/FreeRTOS/Source/portable/MemMang/heap_4.c.obj
 .debug_frame   0x00005824      0x1a8 CMakeFiles/stm32.dir/Middlewares/Third_Party/FreeRTOS/Source/portable/GCC/ARM_CM4F/port.c.obj
 .debug_frame   0x000059cc       0x2c c:/users/chaos/stm32cube/gcc-arm-none-eabi/bin/../lib/gcc/arm-none-eabi/10.3.1/thumb/v7e-m+fp/hard\libgcc.a(_aeabi_uldivmod.o)
 .debug_frame   0x000059f8       0x34 c:/users/chaos/stm32cube/gcc-arm-none-eabi/bin/../lib/gcc/arm-none-eabi/10.3.1/thumb/v7e-m+fp/hard\libgcc.a(_udivmoddi4.o)
 .debug_frame   0x00005a2c       0x5c c:/users/chaos/stm32cube/gcc-arm-none-eabi/bin/../lib/gcc/arm-none-eabi/10.3.1/../../../../arm-none-eabi/lib/thumb/v7e-m+fp/hard\libg_nano.a(lib_a-reent.o)
 .debug_frame   0x00005a88       0x38 c:/users/chaos/stm32cube/gcc-arm-none-eabi/bin/../lib/gcc/arm-none-eabi/10.3.1/../../../../arm-none-eabi/lib/thumb/v7e-m+fp/hard\libg_nano.a(lib_a-nano-freer.o)
 .debug_frame   0x00005ac0       0x4c c:/users/chaos/stm32cube/gcc-arm-none-eabi/bin/../lib/gcc/arm-none-eabi/10.3.1/../../../../arm-none-eabi/lib/thumb/v7e-m+fp/hard\libg_nano.a(lib_a-nano-mallocr.o)
 .debug_frame   0x00005b0c       0x30 c:/users/chaos/stm32cube/gcc-arm-none-eabi/bin/../lib/gcc/arm-none-eabi/10.3.1/../../../../arm-none-eabi/lib/thumb/v7e-m+fp/hard\libg_nano.a(lib_a-mlock.o)
 .debug_frame   0x00005b3c       0xb0 c:/users/chaos/stm32cube/gcc-arm-none-eabi/bin/../lib/gcc/arm-none-eabi/10.3.1/../../../../arm-none-eabi/lib/thumb/v7e-m+fp/hard\libg_nano.a(lib_a-lock.o)

.debug_info     0x00000000    0x19cb9
 .debug_info    0x00000000      0xaa6 CMakeFiles/stm32.dir/Core/Src/main.c.obj
 .debug_info    0x00000aa6      0x6dc CMakeFiles/stm32.dir/Core/Src/gpio.c.obj
 .debug_info    0x00001182      0xd56 CMakeFiles/stm32.dir/Core/Src/freertos.c.obj
 .debug_info    0x00001ed8      0xbeb CMakeFiles/stm32.dir/Core/Src/can.c.obj
 .debug_info    0x00002ac3      0x4cd CMakeFiles/stm32.dir/Core/Src/dma.c.obj
 .debug_info    0x00002f90      0xa54 CMakeFiles/stm32.dir/Core/Src/spi.c.obj
 .debug_info    0x000039e4     0x119c CMakeFiles/stm32.dir/Core/Src/tim.c.obj
 .debug_info    0x00004b80      0xd8c CMakeFiles/stm32.dir/Core/Src/usart.c.obj
 .debug_info    0x0000590c      0xce5 CMakeFiles/stm32.dir/Core/Src/stm32f4xx_it.c.obj
 .debug_info    0x000065f1      0x4cd CMakeFiles/stm32.dir/Core/Src/stm32f4xx_hal_msp.c.obj
 .debug_info    0x00006abe      0xbaa CMakeFiles/stm32.dir/Core/Src/stm32f4xx_hal_timebase_tim.c.obj
 .debug_info    0x00007668     0x120e CMakeFiles/stm32.dir/Drivers/STM32F4xx_HAL_Driver/Src/stm32f4xx_hal_can.c.obj
 .debug_info    0x00008876      0x921 CMakeFiles/stm32.dir/Drivers/STM32F4xx_HAL_Driver/Src/stm32f4xx_hal_rcc.c.obj
 .debug_info    0x00009197      0x76a CMakeFiles/stm32.dir/Drivers/STM32F4xx_HAL_Driver/Src/stm32f4xx_hal_gpio.c.obj
 .debug_info    0x00009901      0x943 CMakeFiles/stm32.dir/Drivers/STM32F4xx_HAL_Driver/Src/stm32f4xx_hal_dma.c.obj
 .debug_info    0x0000a244      0xe63 CMakeFiles/stm32.dir/Drivers/STM32F4xx_HAL_Driver/Src/stm32f4xx_hal_cortex.c.obj
 .debug_info    0x0000b0a7      0x929 CMakeFiles/stm32.dir/Drivers/STM32F4xx_HAL_Driver/Src/stm32f4xx_hal.c.obj
 .debug_info    0x0000b9d0     0x17a7 CMakeFiles/stm32.dir/Drivers/STM32F4xx_HAL_Driver/Src/stm32f4xx_hal_spi.c.obj
 .debug_info    0x0000d177     0x2b8e CMakeFiles/stm32.dir/Drivers/STM32F4xx_HAL_Driver/Src/stm32f4xx_hal_tim.c.obj
 .debug_info    0x0000fd05     0x14db CMakeFiles/stm32.dir/Drivers/STM32F4xx_HAL_Driver/Src/stm32f4xx_hal_tim_ex.c.obj
 .debug_info    0x000111e0     0x3367 CMakeFiles/stm32.dir/Drivers/STM32F4xx_HAL_Driver/Src/stm32f4xx_hal_uart.c.obj
 .debug_info    0x00014547      0x523 CMakeFiles/stm32.dir/Core/Src/system_stm32f4xx.c.obj
 .debug_info    0x00014a6a      0x2d1 CMakeFiles/stm32.dir/Middlewares/Third_Party/FreeRTOS/Source/list.c.obj
 .debug_info    0x00014d3b     0x256f CMakeFiles/stm32.dir/Middlewares/Third_Party/FreeRTOS/Source/tasks.c.obj
 .debug_info    0x000172aa     0x2023 CMakeFiles/stm32.dir/Middlewares/Third_Party/FreeRTOS/Source/CMSIS_RTOS/cmsis_os.c.obj
 .debug_info    0x000192cd      0x4d9 CMakeFiles/stm32.dir/Middlewares/Third_Party/FreeRTOS/Source/portable/MemMang/heap_4.c.obj
 .debug_info    0x000197a6      0x4f1 CMakeFiles/stm32.dir/Middlewares/Third_Party/FreeRTOS/Source/portable/GCC/ARM_CM4F/port.c.obj
 .debug_info    0x00019c97       0x22 CMakeFiles/stm32.dir/startup_stm32f407xx.s.obj

.debug_abbrev   0x00000000     0x36a0
 .debug_abbrev  0x00000000      0x1d2 CMakeFiles/stm32.dir/Core/Src/main.c.obj
 .debug_abbrev  0x000001d2      0x12a CMakeFiles/stm32.dir/Core/Src/gpio.c.obj
 .debug_abbrev  0x000002fc      0x241 CMakeFiles/stm32.dir/Core/Src/freertos.c.obj
 .debug_abbrev  0x0000053d      0x1d4 CMakeFiles/stm32.dir/Core/Src/can.c.obj
 .debug_abbrev  0x00000711       0xf9 CMakeFiles/stm32.dir/Core/Src/dma.c.obj
 .debug_abbrev  0x0000080a      0x1bb CMakeFiles/stm32.dir/Core/Src/spi.c.obj
 .debug_abbrev  0x000009c5      0x1ea CMakeFiles/stm32.dir/Core/Src/tim.c.obj
 .debug_abbrev  0x00000baf      0x1f1 CMakeFiles/stm32.dir/Core/Src/usart.c.obj
 .debug_abbrev  0x00000da0      0x1b8 CMakeFiles/stm32.dir/Core/Src/stm32f4xx_it.c.obj
 .debug_abbrev  0x00000f58       0xf9 CMakeFiles/stm32.dir/Core/Src/stm32f4xx_hal_msp.c.obj
 .debug_abbrev  0x00001051      0x1a5 CMakeFiles/stm32.dir/Core/Src/stm32f4xx_hal_timebase_tim.c.obj
 .debug_abbrev  0x000011f6      0x258 CMakeFiles/stm32.dir/Drivers/STM32F4xx_HAL_Driver/Src/stm32f4xx_hal_can.c.obj
 .debug_abbrev  0x0000144e      0x262 CMakeFiles/stm32.dir/Drivers/STM32F4xx_HAL_Driver/Src/stm32f4xx_hal_rcc.c.obj
 .debug_abbrev  0x000016b0      0x1c4 CMakeFiles/stm32.dir/Drivers/STM32F4xx_HAL_Driver/Src/stm32f4xx_hal_gpio.c.obj
 .debug_abbrev  0x00001874      0x246 CMakeFiles/stm32.dir/Drivers/STM32F4xx_HAL_Driver/Src/stm32f4xx_hal_dma.c.obj
 .debug_abbrev  0x00001aba      0x30d CMakeFiles/stm32.dir/Drivers/STM32F4xx_HAL_Driver/Src/stm32f4xx_hal_cortex.c.obj
 .debug_abbrev  0x00001dc7      0x1da CMakeFiles/stm32.dir/Drivers/STM32F4xx_HAL_Driver/Src/stm32f4xx_hal.c.obj
 .debug_abbrev  0x00001fa1      0x23a CMakeFiles/stm32.dir/Drivers/STM32F4xx_HAL_Driver/Src/stm32f4xx_hal_spi.c.obj
 .debug_abbrev  0x000021db      0x238 CMakeFiles/stm32.dir/Drivers/STM32F4xx_HAL_Driver/Src/stm32f4xx_hal_tim.c.obj
 .debug_abbrev  0x00002413      0x240 CMakeFiles/stm32.dir/Drivers/STM32F4xx_HAL_Driver/Src/stm32f4xx_hal_tim_ex.c.obj
 .debug_abbrev  0x00002653      0x2b3 CMakeFiles/stm32.dir/Drivers/STM32F4xx_HAL_Driver/Src/stm32f4xx_hal_uart.c.obj
 .debug_abbrev  0x00002906      0x116 CMakeFiles/stm32.dir/Core/Src/system_stm32f4xx.c.obj
 .debug_abbrev  0x00002a1c       0xf2 CMakeFiles/stm32.dir/Middlewares/Third_Party/FreeRTOS/Source/list.c.obj
 .debug_abbrev  0x00002b0e      0x3ab CMakeFiles/stm32.dir/Middlewares/Third_Party/FreeRTOS/Source/tasks.c.obj
 .debug_abbrev  0x00002eb9      0x3cd CMakeFiles/stm32.dir/Middlewares/Third_Party/FreeRTOS/Source/CMSIS_RTOS/cmsis_os.c.obj
 .debug_abbrev  0x00003286      0x1d7 CMakeFiles/stm32.dir/Middlewares/Third_Party/FreeRTOS/Source/portable/MemMang/heap_4.c.obj
 .debug_abbrev  0x0000345d      0x231 CMakeFiles/stm32.dir/Middlewares/Third_Party/FreeRTOS/Source/portable/GCC/ARM_CM4F/port.c.obj
 .debug_abbrev  0x0000368e       0x12 CMakeFiles/stm32.dir/startup_stm32f407xx.s.obj

.debug_aranges  0x00000000     0x15d0
 .debug_aranges
                0x00000000       0x38 CMakeFiles/stm32.dir/Core/Src/main.c.obj
 .debug_aranges
                0x00000038       0x20 CMakeFiles/stm32.dir/Core/Src/gpio.c.obj
 .debug_aranges
                0x00000058       0x30 CMakeFiles/stm32.dir/Core/Src/freertos.c.obj
 .debug_aranges
                0x00000088       0x38 CMakeFiles/stm32.dir/Core/Src/can.c.obj
 .debug_aranges
                0x000000c0       0x20 CMakeFiles/stm32.dir/Core/Src/dma.c.obj
 .debug_aranges
                0x000000e0       0x30 CMakeFiles/stm32.dir/Core/Src/spi.c.obj
 .debug_aranges
                0x00000110       0x70 CMakeFiles/stm32.dir/Core/Src/tim.c.obj
 .debug_aranges
                0x00000180       0x40 CMakeFiles/stm32.dir/Core/Src/usart.c.obj
 .debug_aranges
                0x000001c0       0xa8 CMakeFiles/stm32.dir/Core/Src/stm32f4xx_it.c.obj
 .debug_aranges
                0x00000268       0x20 CMakeFiles/stm32.dir/Core/Src/stm32f4xx_hal_msp.c.obj
 .debug_aranges
                0x00000288       0x30 CMakeFiles/stm32.dir/Core/Src/stm32f4xx_hal_timebase_tim.c.obj
 .debug_aranges
                0x000002b8      0x148 CMakeFiles/stm32.dir/Drivers/STM32F4xx_HAL_Driver/Src/stm32f4xx_hal_can.c.obj
 .debug_aranges
                0x00000400       0x88 CMakeFiles/stm32.dir/Drivers/STM32F4xx_HAL_Driver/Src/stm32f4xx_hal_rcc.c.obj
 .debug_aranges
                0x00000488       0x58 CMakeFiles/stm32.dir/Drivers/STM32F4xx_HAL_Driver/Src/stm32f4xx_hal_gpio.c.obj
 .debug_aranges
                0x000004e0       0x90 CMakeFiles/stm32.dir/Drivers/STM32F4xx_HAL_Driver/Src/stm32f4xx_hal_dma.c.obj
 .debug_aranges
                0x00000570      0x130 CMakeFiles/stm32.dir/Drivers/STM32F4xx_HAL_Driver/Src/stm32f4xx_hal_cortex.c.obj
 .debug_aranges
                0x000006a0       0xf0 CMakeFiles/stm32.dir/Drivers/STM32F4xx_HAL_Driver/Src/stm32f4xx_hal.c.obj
 .debug_aranges
                0x00000790      0x1e0 CMakeFiles/stm32.dir/Drivers/STM32F4xx_HAL_Driver/Src/stm32f4xx_hal_spi.c.obj
 .debug_aranges
                0x00000970      0x3d0 CMakeFiles/stm32.dir/Drivers/STM32F4xx_HAL_Driver/Src/stm32f4xx_hal_tim.c.obj
 .debug_aranges
                0x00000d40      0x168 CMakeFiles/stm32.dir/Drivers/STM32F4xx_HAL_Driver/Src/stm32f4xx_hal_tim_ex.c.obj
 .debug_aranges
                0x00000ea8      0x230 CMakeFiles/stm32.dir/Drivers/STM32F4xx_HAL_Driver/Src/stm32f4xx_hal_uart.c.obj
 .debug_aranges
                0x000010d8       0x28 CMakeFiles/stm32.dir/Core/Src/system_stm32f4xx.c.obj
 .debug_aranges
                0x00001100       0x40 CMakeFiles/stm32.dir/Middlewares/Third_Party/FreeRTOS/Source/list.c.obj
 .debug_aranges
                0x00001140      0x1b8 CMakeFiles/stm32.dir/Middlewares/Third_Party/FreeRTOS/Source/tasks.c.obj
 .debug_aranges
                0x000012f8      0x1d8 CMakeFiles/stm32.dir/Middlewares/Third_Party/FreeRTOS/Source/CMSIS_RTOS/cmsis_os.c.obj
 .debug_aranges
                0x000014d0       0x58 CMakeFiles/stm32.dir/Middlewares/Third_Party/FreeRTOS/Source/portable/MemMang/heap_4.c.obj
 .debug_aranges
                0x00001528       0x80 CMakeFiles/stm32.dir/Middlewares/Third_Party/FreeRTOS/Source/portable/GCC/ARM_CM4F/port.c.obj
 .debug_aranges
                0x000015a8       0x28 CMakeFiles/stm32.dir/startup_stm32f407xx.s.obj

.debug_ranges   0x00000000     0x1448
 .debug_ranges  0x00000000       0x28 CMakeFiles/stm32.dir/Core/Src/main.c.obj
 .debug_ranges  0x00000028       0x10 CMakeFiles/stm32.dir/Core/Src/gpio.c.obj
 .debug_ranges  0x00000038       0x20 CMakeFiles/stm32.dir/Core/Src/freertos.c.obj
 .debug_ranges  0x00000058       0x28 CMakeFiles/stm32.dir/Core/Src/can.c.obj
 .debug_ranges  0x00000080       0x10 CMakeFiles/stm32.dir/Core/Src/dma.c.obj
 .debug_ranges  0x00000090       0x20 CMakeFiles/stm32.dir/Core/Src/spi.c.obj
 .debug_ranges  0x000000b0       0x60 CMakeFiles/stm32.dir/Core/Src/tim.c.obj
 .debug_ranges  0x00000110       0x30 CMakeFiles/stm32.dir/Core/Src/usart.c.obj
 .debug_ranges  0x00000140       0x98 CMakeFiles/stm32.dir/Core/Src/stm32f4xx_it.c.obj
 .debug_ranges  0x000001d8       0x10 CMakeFiles/stm32.dir/Core/Src/stm32f4xx_hal_msp.c.obj
 .debug_ranges  0x000001e8       0x20 CMakeFiles/stm32.dir/Core/Src/stm32f4xx_hal_timebase_tim.c.obj
 .debug_ranges  0x00000208      0x138 CMakeFiles/stm32.dir/Drivers/STM32F4xx_HAL_Driver/Src/stm32f4xx_hal_can.c.obj
 .debug_ranges  0x00000340       0x78 CMakeFiles/stm32.dir/Drivers/STM32F4xx_HAL_Driver/Src/stm32f4xx_hal_rcc.c.obj
 .debug_ranges  0x000003b8       0x48 CMakeFiles/stm32.dir/Drivers/STM32F4xx_HAL_Driver/Src/stm32f4xx_hal_gpio.c.obj
 .debug_ranges  0x00000400       0x80 CMakeFiles/stm32.dir/Drivers/STM32F4xx_HAL_Driver/Src/stm32f4xx_hal_dma.c.obj
 .debug_ranges  0x00000480      0x120 CMakeFiles/stm32.dir/Drivers/STM32F4xx_HAL_Driver/Src/stm32f4xx_hal_cortex.c.obj
 .debug_ranges  0x000005a0       0xe0 CMakeFiles/stm32.dir/Drivers/STM32F4xx_HAL_Driver/Src/stm32f4xx_hal.c.obj
 .debug_ranges  0x00000680      0x1d0 CMakeFiles/stm32.dir/Drivers/STM32F4xx_HAL_Driver/Src/stm32f4xx_hal_spi.c.obj
 .debug_ranges  0x00000850      0x3c0 CMakeFiles/stm32.dir/Drivers/STM32F4xx_HAL_Driver/Src/stm32f4xx_hal_tim.c.obj
 .debug_ranges  0x00000c10      0x158 CMakeFiles/stm32.dir/Drivers/STM32F4xx_HAL_Driver/Src/stm32f4xx_hal_tim_ex.c.obj
 .debug_ranges  0x00000d68      0x250 CMakeFiles/stm32.dir/Drivers/STM32F4xx_HAL_Driver/Src/stm32f4xx_hal_uart.c.obj
 .debug_ranges  0x00000fb8       0x18 CMakeFiles/stm32.dir/Core/Src/system_stm32f4xx.c.obj
 .debug_ranges  0x00000fd0       0x30 CMakeFiles/stm32.dir/Middlewares/Third_Party/FreeRTOS/Source/list.c.obj
 .debug_ranges  0x00001000      0x1a8 CMakeFiles/stm32.dir/Middlewares/Third_Party/FreeRTOS/Source/tasks.c.obj
 .debug_ranges  0x000011a8      0x1c8 CMakeFiles/stm32.dir/Middlewares/Third_Party/FreeRTOS/Source/CMSIS_RTOS/cmsis_os.c.obj
 .debug_ranges  0x00001370       0x48 CMakeFiles/stm32.dir/Middlewares/Third_Party/FreeRTOS/Source/portable/MemMang/heap_4.c.obj
 .debug_ranges  0x000013b8       0x70 CMakeFiles/stm32.dir/Middlewares/Third_Party/FreeRTOS/Source/portable/GCC/ARM_CM4F/port.c.obj
 .debug_ranges  0x00001428       0x20 CMakeFiles/stm32.dir/startup_stm32f407xx.s.obj

.debug_macro    0x00000000    0x23b5d
 .debug_macro   0x00000000      0x36e CMakeFiles/stm32.dir/Core/Src/main.c.obj
 .debug_macro   0x0000036e      0xa78 CMakeFiles/stm32.dir/Core/Src/main.c.obj
 .debug_macro   0x00000de6      0x2a7 CMakeFiles/stm32.dir/Core/Src/main.c.obj
 .debug_macro   0x0000108d       0x2e CMakeFiles/stm32.dir/Core/Src/main.c.obj
 .debug_macro   0x000010bb       0x2f CMakeFiles/stm32.dir/Core/Src/main.c.obj
 .debug_macro   0x000010ea       0x22 CMakeFiles/stm32.dir/Core/Src/main.c.obj
 .debug_macro   0x0000110c       0x8e CMakeFiles/stm32.dir/Core/Src/main.c.obj
 .debug_macro   0x0000119a       0x51 CMakeFiles/stm32.dir/Core/Src/main.c.obj
 .debug_macro   0x000011eb      0x103 CMakeFiles/stm32.dir/Core/Src/main.c.obj
 .debug_macro   0x000012ee       0x6a CMakeFiles/stm32.dir/Core/Src/main.c.obj
 .debug_macro   0x00001358      0x1df CMakeFiles/stm32.dir/Core/Src/main.c.obj
 .debug_macro   0x00001537       0x1c CMakeFiles/stm32.dir/Core/Src/main.c.obj
 .debug_macro   0x00001553       0x22 CMakeFiles/stm32.dir/Core/Src/main.c.obj
 .debug_macro   0x00001575       0xfb CMakeFiles/stm32.dir/Core/Src/main.c.obj
 .debug_macro   0x00001670     0x1011 CMakeFiles/stm32.dir/Core/Src/main.c.obj
 .debug_macro   0x00002681      0x11f CMakeFiles/stm32.dir/Core/Src/main.c.obj
 .debug_macro   0x000027a0    0x15e97 CMakeFiles/stm32.dir/Core/Src/main.c.obj
 .debug_macro   0x00018637       0x6d CMakeFiles/stm32.dir/Core/Src/main.c.obj
 .debug_macro   0x000186a4     0x369a CMakeFiles/stm32.dir/Core/Src/main.c.obj
 .debug_macro   0x0001bd3e      0x174 CMakeFiles/stm32.dir/Core/Src/main.c.obj
 .debug_macro   0x0001beb2       0x5c CMakeFiles/stm32.dir/Core/Src/main.c.obj
 .debug_macro   0x0001bf0e      0x980 CMakeFiles/stm32.dir/Core/Src/main.c.obj
 .debug_macro   0x0001c88e      0x9e9 CMakeFiles/stm32.dir/Core/Src/main.c.obj
 .debug_macro   0x0001d277      0x115 CMakeFiles/stm32.dir/Core/Src/main.c.obj
 .debug_macro   0x0001d38c      0x13e CMakeFiles/stm32.dir/Core/Src/main.c.obj
 .debug_macro   0x0001d4ca       0xa5 CMakeFiles/stm32.dir/Core/Src/main.c.obj
 .debug_macro   0x0001d56f      0x174 CMakeFiles/stm32.dir/Core/Src/main.c.obj
 .debug_macro   0x0001d6e3      0x287 CMakeFiles/stm32.dir/Core/Src/main.c.obj
 .debug_macro   0x0001d96a       0x5f CMakeFiles/stm32.dir/Core/Src/main.c.obj
 .debug_macro   0x0001d9c9      0x236 CMakeFiles/stm32.dir/Core/Src/main.c.obj
 .debug_macro   0x0001dbff      0x416 CMakeFiles/stm32.dir/Core/Src/main.c.obj
 .debug_macro   0x0001e015      0x12c CMakeFiles/stm32.dir/Core/Src/main.c.obj
 .debug_macro   0x0001e141      0x21e CMakeFiles/stm32.dir/Core/Src/main.c.obj
 .debug_macro   0x0001e35f       0x2e CMakeFiles/stm32.dir/Core/Src/main.c.obj
 .debug_macro   0x0001e38d      0x127 CMakeFiles/stm32.dir/Core/Src/main.c.obj
 .debug_macro   0x0001e4b4       0x7e CMakeFiles/stm32.dir/Core/Src/main.c.obj
 .debug_macro   0x0001e532       0x89 CMakeFiles/stm32.dir/Core/Src/main.c.obj
 .debug_macro   0x0001e5bb      0x22c CMakeFiles/stm32.dir/Core/Src/main.c.obj
 .debug_macro   0x0001e7e7      0x8ed CMakeFiles/stm32.dir/Core/Src/main.c.obj
 .debug_macro   0x0001f0d4       0x4d CMakeFiles/stm32.dir/Core/Src/main.c.obj
 .debug_macro   0x0001f121      0x2b1 CMakeFiles/stm32.dir/Core/Src/main.c.obj
 .debug_macro   0x0001f3d2      0x12d CMakeFiles/stm32.dir/Core/Src/main.c.obj
 .debug_macro   0x0001f4ff       0x4c CMakeFiles/stm32.dir/Core/Src/main.c.obj
 .debug_macro   0x0001f54b       0xf1 CMakeFiles/stm32.dir/Core/Src/main.c.obj
 .debug_macro   0x0001f63c      0x15a CMakeFiles/stm32.dir/Core/Src/main.c.obj
 .debug_macro   0x0001f796       0xde CMakeFiles/stm32.dir/Core/Src/main.c.obj
 .debug_macro   0x0001f874       0x1c CMakeFiles/stm32.dir/Core/Src/main.c.obj
 .debug_macro   0x0001f890       0x26 CMakeFiles/stm32.dir/Core/Src/main.c.obj
 .debug_macro   0x0001f8b6       0x64 CMakeFiles/stm32.dir/Core/Src/main.c.obj
 .debug_macro   0x0001f91a       0x1e CMakeFiles/stm32.dir/Core/Src/main.c.obj
 .debug_macro   0x0001f938       0x35 CMakeFiles/stm32.dir/Core/Src/main.c.obj
 .debug_macro   0x0001f96d       0x34 CMakeFiles/stm32.dir/Core/Src/main.c.obj
 .debug_macro   0x0001f9a1       0x16 CMakeFiles/stm32.dir/Core/Src/main.c.obj
 .debug_macro   0x0001f9b7       0x43 CMakeFiles/stm32.dir/Core/Src/main.c.obj
 .debug_macro   0x0001f9fa       0x34 CMakeFiles/stm32.dir/Core/Src/main.c.obj
 .debug_macro   0x0001fa2e       0x10 CMakeFiles/stm32.dir/Core/Src/main.c.obj
 .debug_macro   0x0001fa3e       0x58 CMakeFiles/stm32.dir/Core/Src/main.c.obj
 .debug_macro   0x0001fa96      0x182 CMakeFiles/stm32.dir/Core/Src/main.c.obj
 .debug_macro   0x0001fc18       0x10 CMakeFiles/stm32.dir/Core/Src/main.c.obj
 .debug_macro   0x0001fc28       0x35 CMakeFiles/stm32.dir/Core/Src/main.c.obj
 .debug_macro   0x0001fc5d      0x4fe CMakeFiles/stm32.dir/Core/Src/main.c.obj
 .debug_macro   0x0002015b       0xb5 CMakeFiles/stm32.dir/Core/Src/main.c.obj
 .debug_macro   0x00020210       0xaa CMakeFiles/stm32.dir/Core/Src/main.c.obj
 .debug_macro   0x000202ba       0x91 CMakeFiles/stm32.dir/Core/Src/main.c.obj
 .debug_macro   0x0002034b       0x8d CMakeFiles/stm32.dir/Core/Src/main.c.obj
 .debug_macro   0x000203d8       0x7e CMakeFiles/stm32.dir/Core/Src/main.c.obj
 .debug_macro   0x00020456       0x19 CMakeFiles/stm32.dir/Core/Src/main.c.obj
 .debug_macro   0x0002046f       0xf2 CMakeFiles/stm32.dir/Core/Src/main.c.obj
 .debug_macro   0x00020561      0x1fb CMakeFiles/stm32.dir/Core/Src/gpio.c.obj
 .debug_macro   0x0002075c      0x32e CMakeFiles/stm32.dir/Core/Src/freertos.c.obj
 .debug_macro   0x00020a8a       0xf1 CMakeFiles/stm32.dir/Core/Src/freertos.c.obj
 .debug_macro   0x00020b7b      0x1fb CMakeFiles/stm32.dir/Core/Src/can.c.obj
 .debug_macro   0x00020d76      0x1fb CMakeFiles/stm32.dir/Core/Src/dma.c.obj
 .debug_macro   0x00020f71      0x1fb CMakeFiles/stm32.dir/Core/Src/spi.c.obj
 .debug_macro   0x0002116c      0x1fb CMakeFiles/stm32.dir/Core/Src/tim.c.obj
 .debug_macro   0x00021367      0x1fb CMakeFiles/stm32.dir/Core/Src/usart.c.obj
 .debug_macro   0x00021562      0x1fb CMakeFiles/stm32.dir/Core/Src/stm32f4xx_it.c.obj
 .debug_macro   0x0002175d      0x1f1 CMakeFiles/stm32.dir/Core/Src/stm32f4xx_hal_msp.c.obj
 .debug_macro   0x0002194e      0x1e2 CMakeFiles/stm32.dir/Core/Src/stm32f4xx_hal_timebase_tim.c.obj
 .debug_macro   0x00021b30      0x1f1 CMakeFiles/stm32.dir/Drivers/STM32F4xx_HAL_Driver/Src/stm32f4xx_hal_can.c.obj
 .debug_macro   0x00021d21      0x206 CMakeFiles/stm32.dir/Drivers/STM32F4xx_HAL_Driver/Src/stm32f4xx_hal_rcc.c.obj
 .debug_macro   0x00021f27      0x1e8 CMakeFiles/stm32.dir/Drivers/STM32F4xx_HAL_Driver/Src/stm32f4xx_hal_gpio.c.obj
 .debug_macro   0x0002210f      0x1e8 CMakeFiles/stm32.dir/Drivers/STM32F4xx_HAL_Driver/Src/stm32f4xx_hal_dma.c.obj
 .debug_macro   0x000222f7      0x1e2 CMakeFiles/stm32.dir/Drivers/STM32F4xx_HAL_Driver/Src/stm32f4xx_hal_cortex.c.obj
 .debug_macro   0x000224d9      0x242 CMakeFiles/stm32.dir/Drivers/STM32F4xx_HAL_Driver/Src/stm32f4xx_hal.c.obj
 .debug_macro   0x0002271b      0x1f1 CMakeFiles/stm32.dir/Drivers/STM32F4xx_HAL_Driver/Src/stm32f4xx_hal_spi.c.obj
 .debug_macro   0x0002290c      0x1e3 CMakeFiles/stm32.dir/Drivers/STM32F4xx_HAL_Driver/Src/stm32f4xx_hal_tim.c.obj
 .debug_macro   0x00022aef      0x1e2 CMakeFiles/stm32.dir/Drivers/STM32F4xx_HAL_Driver/Src/stm32f4xx_hal_tim_ex.c.obj
 .debug_macro   0x00022cd1      0x1e3 CMakeFiles/stm32.dir/Drivers/STM32F4xx_HAL_Driver/Src/stm32f4xx_hal_uart.c.obj
 .debug_macro   0x00022eb4      0x1e2 CMakeFiles/stm32.dir/Core/Src/system_stm32f4xx.c.obj
 .debug_macro   0x00023096      0x18a CMakeFiles/stm32.dir/Middlewares/Third_Party/FreeRTOS/Source/list.c.obj
 .debug_macro   0x00023220      0x277 CMakeFiles/stm32.dir/Middlewares/Third_Party/FreeRTOS/Source/tasks.c.obj
 .debug_macro   0x00023497       0x10 CMakeFiles/stm32.dir/Middlewares/Third_Party/FreeRTOS/Source/tasks.c.obj
 .debug_macro   0x000234a7      0x1fc CMakeFiles/stm32.dir/Middlewares/Third_Party/FreeRTOS/Source/CMSIS_RTOS/cmsis_os.c.obj
 .debug_macro   0x000236a3       0xe9 CMakeFiles/stm32.dir/Middlewares/Third_Party/FreeRTOS/Source/CMSIS_RTOS/cmsis_os.c.obj
 .debug_macro   0x0002378c      0x1b1 CMakeFiles/stm32.dir/Middlewares/Third_Party/FreeRTOS/Source/portable/MemMang/heap_4.c.obj
 .debug_macro   0x0002393d      0x220 CMakeFiles/stm32.dir/Middlewares/Third_Party/FreeRTOS/Source/portable/GCC/ARM_CM4F/port.c.obj

.debug_line     0x00000000    0x17327
 .debug_line    0x00000000      0x8e4 CMakeFiles/stm32.dir/Core/Src/main.c.obj
 .debug_line    0x000008e4      0x633 CMakeFiles/stm32.dir/Core/Src/gpio.c.obj